Report End Points: 
-----+-------+------+-------+-----+-----+-----+-----+-------------+---------------
     |Group  |Launch|Capture|Shift|Delay|Depth|Slack|Begin Point  |End Point      
-----+-------+------+-------+-----+-----+-----+-----+-------------+---------------
1    |default|sysclk|sysclk |900.0|128.2|    4|566.4|counter_reg/Q|temp2_reg[31]/D
2    |default|sysclk|sysclk |900.0|128.2|    4|566.4|counter_reg/Q|temp2_reg[30]/D
3    |default|sysclk|sysclk |900.0|128.2|    4|566.4|counter_reg/Q|temp2_reg[29]/D
-----+-------+------+-------+-----+-----+-----+-----+-------------+---------------
Report End Points: 
-----+-----+--------------+-------+-----+-----+-----+-----+-----------+---------------
     |Group|Launch        |Capture|Shift|Delay|Depth|Slack|Begin Point|End Point      
-----+-----+--------------+-------+-----+-----+-----+-----+-----------+---------------
1    |I2R  |rtDefaultClock|sysclk |900.0|156.5|    4|  3.5|reset      |temp2_reg[31]/D
2    |I2R  |rtDefaultClock|sysclk |900.0|156.5|    4|  3.5|reset      |temp2_reg[30]/D
3    |I2R  |rtDefaultClock|sysclk |900.0|156.5|    4|  3.5|reset      |temp2_reg[29]/D
-----+-----+--------------+-------+-----+-----+-----+-----+-----------+---------------
Report End Points: 
-----+-----+------+-------+-----+-----+-----+-----+-----------+---------
     |Group|Launch|Capture|Shift|Delay|Depth|Slack|Begin Point|End Point
-----+-----+------+-------+-----+-----+-----+-----+-----------+---------
1    |I2O  |      |       |     |     |     |     |           |         
-----+-----+------+-------+-----+-----+-----+-----+-----------+---------
Report End Points: 
-----+-----+------+-------+-----+-----+-----+-----+---------------+---------
     |Group|Launch|Capture|Shift|Delay|Depth|Slack|Begin Point    |End Point
-----+-----+------+-------+-----+-----+-----+-----+---------------+---------
1    |R2O  |sysclk|vsysclk|900.0|  0.7|    0|241.4|select_reg[1]/Q|select[1]
2    |R2O  |sysclk|vsysclk|900.0|  0.7|    0|242.0|write_reg/Q    |write    
3    |R2O  |sysclk|vsysclk|900.0|  0.7|    0|242.0|temp1_reg[31]/Q|temp1[31]
-----+-----+------+-------+-----+-----+-----+-----+---------------+---------
