Report Physical info: 
------------------------+-------------+-----------+------------
                        |             |Area (squm)|Leakage (uW)
------------------------+-------------+-----------+------------
Design Name             |io_fsm       |           |            
  Total Instances       |           53|         90|       1.703
    Macros              |            0|          0|       0.000
    Pads                |            0|          0|       0.000
    Phys                |            0|          0|       0.000
    Blackboxes          |            0|          0|       0.000
    Cells               |           53|         90|       1.703
      Buffers           |            0|          0|       0.000
      Inverters         |            7|          4|       0.100
      Clock-Gates       |            0|          0|       0.000
      Combinational     |           30|         33|       0.767
      Latches           |           12|         32|       0.490
      FlipFlops         |            4|         21|       0.345
       Single-Bit FF    |            4|         21|       0.345
       Multi-Bit FF     |            0|          0|       0.000
       Clock-Gated      |            0|           |            
       Bits             |            4|         21|       0.345
         Load-Enabled   |            0|           |            
         Clock-Gated    |            0|           |            
  Tristate Pin Count    |            0|           |            
Physical Info           |Placed       |           |            
  Chip Size (mm x mm)   |0.072 x 0.072|       5216|            
  Fixed Cell Area       |             |          0|            
    Phys Only           |            0|          0|            
  Placeable Area        |             |        136|            
  Movable Cell Area     |             |         90|            
  Utilization (%)       |           65|           |            
  Chip Utilization (%)  |           65|           |            
  Total Wire Length (mm)|        1.724|           |            
  Longest Wire (mm)     |        0.075|           |            
  Average Wire (mm)     |        0.041|           |            
------------------------+-------------+-----------+------------
