Report Physical info: 
------------------------+-------------+-----------+------------
                        |             |Area (squm)|Leakage (uW)
------------------------+-------------+-----------+------------
Design Name             |io_module    |           |            
  Total Instances       |         1746|       3293|      64.922
    Macros              |            0|          0|       0.000
    Pads                |            0|          0|       0.000
    Phys                |            0|          0|       0.000
    Blackboxes          |            2|          0|       0.000
    Cells               |         1744|       3293|      64.922
      Buffers           |            0|          0|       0.000
      Inverters         |          123|         65|       1.765
      Clock-Gates       |            8|         32|       0.473
      Combinational     |         1251|       1554|      34.263
      Latches           |           12|         32|       0.490
      FlipFlops         |          350|       1610|      27.930
       Single-Bit FF    |          350|       1610|      27.930
       Multi-Bit FF     |            0|          0|       0.000
       Clock-Gated      |           52|           |            
       Bits             |          350|       1610|      27.930
         Load-Enabled   |            0|           |            
         Clock-Gated    |           52|           |            
  Tristate Pin Count    |            0|           |            
Physical Info           |Placed       |           |            
  Chip Size (mm x mm)   |0.134 x 0.134|      17979|            
  Fixed Cell Area       |             |          0|            
    Phys Only           |            0|          0|            
  Placeable Area        |             |       5381|            
  Movable Cell Area     |             |       3293|            
  Utilization (%)       |           61|           |            
  Chip Utilization (%)  |           61|           |            
  Total Wire Length (mm)|        2.417|           |            
  Longest Wire (mm)     |        0.135|           |            
  Average Wire (mm)     |        0.022|           |            
------------------------+-------------+-----------+------------
