Report End Points: 
-----+-------+------+-------+-----+-----+-----+-----+--------------------+--------------------
     |Group  |Launch|Capture|Shift|Delay|Depth|Slack|Begin Point         |End Point           
-----+-------+------+-------+-----+-----+-----+-----+--------------------+--------------------
1    |default|sysclk|sysclk |900.0|345.9|    8|383.8|d1/counter2_reg[0]/Q|d1/reg_temp_reg[5]/D
2    |default|sysclk|sysclk |900.0|345.9|    8|383.8|d4/counter2_reg[0]/Q|d4/reg_temp_reg[5]/D
3    |default|sysclk|sysclk |900.0|345.9|    8|383.8|d2/counter2_reg[0]/Q|d2/reg_temp_reg[5]/D
-----+-------+------+-------+-----+-----+-----+-----+--------------------+--------------------
Report End Points: 
-----+-----+--------------+-------+-----+-----+-----+-----+-----------+------------------
     |Group|Launch        |Capture|Shift|Delay|Depth|Slack|Begin Point|End Point         
-----+-----+--------------+-------+-----+-----+-----+-----+-----------+------------------
1    |I2R  |rtDefaultClock|sysclk |900.0|157.3|    3|  1.8|reset      |m1/temp2_reg[31]/D
2    |I2R  |rtDefaultClock|sysclk |900.0|157.3|    3|  1.8|reset      |m1/temp2_reg[30]/D
3    |I2R  |rtDefaultClock|sysclk |900.0|157.3|    3|  1.8|reset      |m1/temp2_reg[29]/D
-----+-----+--------------+-------+-----+-----+-----+-----+-----------+------------------
Report End Points: 
-----+-----+--------------+-------+------+-----+-----+-----+-----------+---------
     |Group|Launch        |Capture|Shift |Delay|Depth|Slack|Begin Point|End Point
-----+-----+--------------+-------+------+-----+-----+-----+-----------+---------
1    |I2O  |rtDefaultClock|vsysclk|1800.0|  5.2|    0|554.8|out        |cpu_out  
-----+-----+--------------+-------+------+-----+-----+-----+-----------+---------
Report End Points: 
-----+-----+------+-------+-----+-----+-----+-----+-----------+---------
     |Group|Launch|Capture|Shift|Delay|Depth|Slack|Begin Point|End Point
-----+-----+------+-------+-----+-----+-----+-----+-----------+---------
1    |R2O  |      |       |     |     |     |     |           |         
-----+-----+------+-------+-----+-----+-----+-----+-----------+---------
