Report End Points: 
-----+-------+------+-------+------+-----+-----+------+----------------------+----------------
     |Group  |Launch|Capture|Shift |Delay|Depth|Slack |Begin Point           |End Point       
-----+-------+------+-------+------+-----+-----+------+----------------------+----------------
1    |default|sysclk|sysclk |1800.0| 98.4|    3|1499.3|current_state_reg[1]/Q|counter_reg[1]/D
2    |default|sysclk|sysclk |1800.0| 76.4|    3|1527.1|current_state_reg[1]/Q|counter_reg[0]/D
-----+-------+------+-------+------+-----+-----+------+----------------------+----------------
Report End Points: 
-----+-----+------+-------+-----+-----+-----+-----+-----------+---------
     |Group|Launch|Capture|Shift|Delay|Depth|Slack|Begin Point|End Point
-----+-----+------+-------+-----+-----+-----+-----+-----------+---------
1    |I2R  |      |       |     |     |     |     |           |         
-----+-----+------+-------+-----+-----+-----+-----+-----------+---------
Report End Points: 
-----+-----+--------------+-------+------+-----+-----+-----+-----------+---------
     |Group|Launch        |Capture|Shift |Delay|Depth|Slack|Begin Point|End Point
-----+-----+--------------+-------+------+-----+-----+-----+-----------+---------
1    |I2O  |rtDefaultClock|vsysclk|1800.0|  1.6|    0|558.4|data[6]    |out1[6]  
2    |I2O  |rtDefaultClock|vsysclk|1800.0|  1.6|    0|558.4|data[5]    |out1[5]  
3    |I2O  |rtDefaultClock|vsysclk|1800.0|  1.6|    0|558.4|data[30]   |out4[6]  
-----+-----+--------------+-------+------+-----+-----+-----+-----------+---------
Report End Points: 
-----+-----+------+-------+-----+-----+-----+-----+-----------+---------
     |Group|Launch|Capture|Shift|Delay|Depth|Slack|Begin Point|End Point
-----+-----+------+-------+-----+-----+-----+-----+-----------+---------
1    |R2O  |      |       |     |     |     |     |           |         
-----+-----+------+-------+-----+-----+-----+-----+-----------+---------
