Report for group default
------------------------------------------------------------------------------------------------------------------------------------------------------------
Startpoint: current_state_reg[1]/Q
    (Clocked by sysclk R)
Endpoint: counter_reg[1]/D
    (Clocked by sysclk R)
Path Group: default
Data required time: 1758.8
    (Clock shift: 1800.0, minus Uncertainty: 0.0, plus Latency 0.0, minus Setup time: 41.2)
Data arrival time: 259.5
Slack: 1499.3
Logic depth: 3
------------------------------------------------------------------------------------------------------------------------------------------------------------
                                                     Arrival               Arc      Net               Net    Total   fan-                                   
Path                     Module/Cell           Edge     Time    Delay    Delay    Delay     Slew     Load     Load    out     Location Power Domain      (V)
                                                        (ps)     (ps)     (ps)     (ps)     (ps)     (ff)     (ff)    (#)      (um,um)                      
------------------------------------------------------------------------------------------------------------------------------------------------------------
clk                      {create_clock}           r      0.0      0.0      0.0                        0.0      0.0      4     0,   36                       
current_state_reg[1]/CK->Q
                         DFFR_X1*                rr    161.1    161.1    161.1      0.0      0.0      1.4     31.0      2    36,   36  /PD_TOP        (1.10)
i_0_0_31/A->ZN           INV_X8                  rf    170.4      9.3      9.3      0.0     15.3      2.1     12.1      3    36,   36  /PD_TOP        (1.10)
i_0_0_28/A1->ZN          NAND2_X4*               fr    199.2     28.8     28.8      0.0      4.3      4.8     31.2      7    36,   36  /PD_TOP        (1.10)
i_0_0_0/S->Z             MUX2_X1                 rf    259.5     60.3     60.2      0.1     15.3      0.8      1.9      1    36,   36  /PD_TOP        (1.10)
counter_reg[1]/D         DFFR_X1                  f    259.5      0.0               0.0     10.3                             36,   36  /PD_TOP        (1.10)
------------------------------------------------------------------------------------------------------------------------------------------------------------
Report for group I2R
Report for group I2O
------------------------------------------------------------------------------------------------------------------------------------------------------------
Startpoint: data[6]
    (Clocked by rtDefaultClock R)
Endpoint: out1[6]
    (Clocked by vsysclk R)
Path Group: I2O
Data required time: 1260.0
    (Clock shift: 1800.0, minus Uncertainty: 0.0, plus Latency 0.0, minus Out delay: 540.0)
Data arrival time: 701.6
Slack: 558.4
Logic depth: 0
------------------------------------------------------------------------------------------------------------------------------------------------------------
                                                     Arrival               Arc      Net               Net    Total   fan-                                   
Path                     Module/Cell           Edge     Time    Delay    Delay    Delay     Slew     Load     Load    out     Location Power Domain      (V)
                                                        (ps)     (ps)     (ps)     (ps)     (ps)     (ff)     (ff)    (#)      (um,um)                      
------------------------------------------------------------------------------------------------------------------------------------------------------------
data[6]                  {set_input_delay}        r    700.0    700.0    700.0                        9.5     10.0      1    37,    0                       
out1[6]                                           r    701.6      1.6               1.6    100.0                             72,   38                       
------------------------------------------------------------------------------------------------------------------------------------------------------------
Report for group R2O
