Report End Points: 
-----+-------+------+-------+-----+-----+-----+-----+-----------+---------
     |Group  |Launch|Capture|Shift|Delay|Depth|Slack|Begin Point|End Point
-----+-------+------+-------+-----+-----+-----+-----+-----------+---------
1    |default|      |       |     |     |     |     |           |         
-----+-------+------+-------+-----+-----+-----+-----+-----------+---------
Report End Points: 
-----+-----+------+-------+-----+-----+-----+-----+-----------+---------
     |Group|Launch|Capture|Shift|Delay|Depth|Slack|Begin Point|End Point
-----+-----+------+-------+-----+-----+-----+-----+-----------+---------
1    |I2R  |      |       |     |     |     |     |           |         
-----+-----+------+-------+-----+-----+-----+-----+-----------+---------
Report End Points: 
-----+-----+--------------+-------+------+-----+-----+-----+-----------+-------------
     |Group|Launch        |Capture|Shift |Delay|Depth|Slack|Begin Point|End Point    
-----+-----+--------------+-------+------+-----+-----+-----+-----------+-------------
1    |I2O  |rtDefaultClock|vsysclk|1500.0|575.6|   18| 74.4|B[3]       |overflow_flag
2    |I2O  |rtDefaultClock|vsysclk|1500.0|568.5|   17| 81.5|B[3]       |carry        
3    |I2O  |rtDefaultClock|vsysclk|1500.0|551.7|   17| 98.3|B[3]       |result[15]   
-----+-----+--------------+-------+------+-----+-----+-----+-----------+-------------
Report End Points: 
-----+-----+------+-------+-----+-----+-----+-----+-----------+---------
     |Group|Launch|Capture|Shift|Delay|Depth|Slack|Begin Point|End Point
-----+-----+------+-------+-----+-----+-----+-----+-----------+---------
1    |R2O  |      |       |     |     |     |     |           |         
-----+-----+------+-------+-----+-----+-----+-----+-----------+---------
