Report for group default
Report for group I2R
Report for group I2O
------------------------------------------------------------------------------------------------------------------------------------------------------------
Startpoint: B[3]
    (Clocked by rtDefaultClock R)
Endpoint: overflow_flag
    (Clocked by vsysclk R)
Path Group: I2O
Data required time: 1350.0
    (Clock shift: 1500.0, minus Uncertainty: 0.0, plus Latency 0.0, minus Out delay: 150.0)
Data arrival time: 1275.6
Slack: 74.4
Logic depth: 18
------------------------------------------------------------------------------------------------------------------------------------------------------------
                                                     Arrival               Arc      Net               Net    Total   fan-                                   
Path                     Module/Cell           Edge     Time    Delay    Delay    Delay     Slew     Load     Load    out     Location Power Domain      (V)
                                                        (ps)     (ps)     (ps)     (ps)     (ps)     (ff)     (ff)    (#)      (um,um)                      
------------------------------------------------------------------------------------------------------------------------------------------------------------
B[3]                     {set_input_delay}        f    700.0    700.0    700.0                        2.2      5.3      1    37,    0                       
i_0_0_94/A->ZN           XNOR2_X2                fr    828.5    128.5    128.3      0.2    100.0      0.3     25.7      1    38,   38  /PD_TOP        (1.10)
i_0_0_93/A->ZN           INV_X8                  rf    834.6      6.1      6.1      0.0     72.9      0.5      6.5      2    38,   38  /PD_TOP        (1.10)
i_0_0_92/A1->ZN          OR2_X4                  ff    877.0     42.4     42.4      0.0      3.7      0.8     11.0      3    38,   38  /PD_TOP        (1.10)
i_0_0_68/B2->ZN          AOI21_X4                fr    914.4     37.4     37.4      0.0     10.1      0.6      8.9      2    38,   38  /PD_TOP        (1.10)
i_0_0_67/B1->ZN          OAI21_X4                rf    935.4     21.0     21.0      0.0     27.0      0.6      8.4      2    38,   38  /PD_TOP        (1.10)
i_0_0_66/B1->ZN          AOI21_X4                fr    968.2     32.8     32.8      0.0     11.1      0.6      8.9      2    38,   38  /PD_TOP        (1.10)
i_0_0_65/B1->ZN          OAI21_X4                rf    989.2     21.0     21.0      0.0     27.0      0.6      8.4      2    38,   38  /PD_TOP        (1.10)
i_0_0_64/B1->ZN          AOI21_X4                fr   1022.0     32.8     32.8      0.0     11.1      0.6      8.9      2    38,   38  /PD_TOP        (1.10)
i_0_0_63/B1->ZN          OAI21_X4                rf   1043.0     21.0     21.0      0.0     27.0      0.6      8.4      2    38,   38  /PD_TOP        (1.10)
i_0_0_62/B1->ZN          AOI21_X4                fr   1075.8     32.8     32.8      0.0     11.1      0.6      8.9      2    38,   38  /PD_TOP        (1.10)
i_0_0_61/B1->ZN          OAI21_X4                rf   1096.8     21.0     21.0      0.0     27.0      0.6      8.4      2    38,   38  /PD_TOP        (1.10)
i_0_0_60/B1->ZN          AOI21_X4                fr   1129.6     32.8     32.8      0.0     11.1      0.6      8.9      2    38,   38  /PD_TOP        (1.10)
i_0_0_59/B1->ZN          OAI21_X4                rf   1150.6     21.0     21.0      0.0     27.0      0.6      8.4      2    38,   38  /PD_TOP        (1.10)
i_0_0_58/B1->ZN          AOI21_X4*               fr   1213.8     63.2     63.2      0.0     11.1      1.2     38.7      4    38,   38  /PD_TOP        (1.10)
i_0_0_57/A->ZN           INV_X8                  rf   1222.0      8.2      8.2      0.0     15.3      0.6      8.4      2    38,   38  /PD_TOP        (1.10)
i_0_0_53/A1->ZN          NAND3_X4                fr   1235.5     13.5     13.5      0.0      3.9      0.3      4.2      1    38,   38  /PD_TOP        (1.10)
i_0_0_52/A2->ZN          NAND2_X4                rf   1261.5     26.0     26.0      0.0     12.1      0.3     25.7      1    38,   38  /PD_TOP        (1.10)
i_0_0_51/A->ZN           INV_X8                  fr   1275.4     13.9     13.9      0.0     15.7      2.2      7.2      1    38,   38  /PD_TOP        (1.10)
overflow_flag                                     r   1275.6      0.2               0.2      6.0                             36,    0                       
------------------------------------------------------------------------------------------------------------------------------------------------------------
Report for group R2O
