Report End Points: 
-----+-------+------+-------+------+------+-----+-----+----------------------------+-----------
     |Group  |Launch|Capture|Shift |Delay |Depth|Slack|Begin Point                 |End Point  
-----+-------+------+-------+------+------+-----+-----+----------------------------+-----------
1    |default|sysclk|sysclk |1500.0|1141.2|   34|184.9|multiplicand_buffer_reg[2]/Q|A_reg[14]/D
2    |default|sysclk|sysclk |1500.0|1090.8|   33|229.7|multiplicand_buffer_reg[2]/Q|A_reg[13]/D
3    |default|sysclk|sysclk |1500.0|1031.7|   30|289.9|multiplicand_buffer_reg[2]/Q|A_reg[12]/D
-----+-------+------+-------+------+------+-----+-----+----------------------------+-----------
Report End Points: 
-----+-----+--------------+-------+------+-----+-----+-----+-----------+----------------
     |Group|Launch        |Capture|Shift |Delay|Depth|Slack|Begin Point|End Point       
-----+-----+--------------+-------+------+-----+-----+-----+-----------+----------------
1    |I2R  |rtDefaultClock|sysclk |1500.0|219.4|    5|550.2|start      |Q_reg[16]/D     
2    |I2R  |rtDefaultClock|sysclk |1500.0|199.0|    3|561.5|start      |A_reg[7]/D      
3    |I2R  |rtDefaultClock|sysclk |1500.0|199.0|    3|561.5|start      |counter_reg[3]/D
-----+-----+--------------+-------+------+-----+-----+-----+-----------+----------------
Report End Points: 
-----+-----+------+-------+-----+-----+-----+-----+-----------+---------
     |Group|Launch|Capture|Shift|Delay|Depth|Slack|Begin Point|End Point
-----+-----+------+-------+-----+-----+-----+-----+-----------+---------
1    |I2O  |      |       |     |     |     |     |           |         
-----+-----+------+-------+-----+-----+-----+-----+-----------+---------
Report End Points: 
-----+-----+------+-------+------+-----+-----+-----+-----------+-------------
     |Group|Launch|Capture|Shift |Delay|Depth|Slack|Begin Point|End Point    
-----+-----+------+-------+------+-----+-----+-----+-----------+-------------
1    |R2O  |sysclk|vsysclk|1500.0|754.6|   31|455.2|Q_reg[9]/Q |overflow_flag
2    |R2O  |sysclk|vsysclk|1500.0|676.9|   30|532.9|Q_reg[9]/Q |result[15]   
3    |R2O  |sysclk|vsysclk|1500.0|620.4|   29|589.4|Q_reg[9]/Q |result[14]   
-----+-----+------+-------+------+-----+-----+-----+-----------+-------------
