Report for group default
------------------------------------------------------------------------------------------------------------------------------------------------------------
Startpoint: multiplicand_buffer_reg[2]/Q
    (Clocked by sysclk R)
Endpoint: A_reg[14]/D
    (Clocked by sysclk R)
Path Group: default
Data required time: 1466.3
    (Clock shift: 1500.0, minus Uncertainty: 0.0, plus Latency 0.0, minus Setup time: 33.7)
Data arrival time: 1281.4
Slack: 184.9
Logic depth: 34
------------------------------------------------------------------------------------------------------------------------------------------------------------
                                                     Arrival               Arc      Net               Net    Total   fan-                                   
Path                     Module/Cell           Edge     Time    Delay    Delay    Delay     Slew     Load     Load    out     Location Power Domain      (V)
                                                        (ps)     (ps)     (ps)     (ps)     (ps)     (ff)     (ff)    (#)      (um,um)                      
------------------------------------------------------------------------------------------------------------------------------------------------------------
clk                      {create_clock}           r      0.0      0.0      0.0                        0.0      0.0      3    99,   49                       
clk_gate_multiplicand_buffer_reg/CK->GCK
                         CLKGATETST_X1           rr      0.0      0.0      0.0      0.0      0.0      0.0      0.0     16    50,   50  /PD_TOP        (1.10)
multiplicand_buffer_reg[2]/CK->Q
                         DFF_X1                  rr    140.2    140.2    140.2      0.0      0.0      0.3     25.7      1    50,   50  /PD_TOP        (1.10)
i_0_0_272/A->ZN          INV_X8                  rf    149.3      9.1      9.1      0.0     61.6      0.9     10.8      3    50,   50  /PD_TOP        (1.10)
i_0_0_270/B1->ZN         AOI21_X4*               fr    205.2     55.9     55.9      0.0      4.2      0.6     30.1      2    50,   50  /PD_TOP        (1.10)
i_0_0_269/A->ZN          INV_X8                  rf    214.0      8.8      8.8      0.0     15.3      1.0     10.6      3    50,   50  /PD_TOP        (1.10)
i_0_0_75/B3->ZN          OAI33_X1                fr    345.7    131.7    131.7      0.0      4.2      0.7      8.3      2    50,   50  /PD_TOP        (1.10)
i_0_0_71/B->Z            XOR2_X2                 rr    417.4     71.7     71.7      0.0    108.0      0.6      7.3      2    50,   50  /PD_TOP        (1.10)
i_0_0_70/A2->ZN          NOR2_X4                 rf    432.8     15.4     15.4      0.0     33.5      0.6      7.1      2    50,   50  /PD_TOP        (1.10)
i_0_0_69/A->ZN           AOI21_X4                fr    474.3     41.5     41.5      0.0      6.2      0.6      7.3      2    50,   50  /PD_TOP        (1.10)
i_0_0_67/A1->ZN          NOR2_X4                 rf    486.6     12.3     12.3      0.0     25.1      0.6      7.1      2    50,   50  /PD_TOP        (1.10)
i_0_0_66/A->ZN           AOI21_X4                fr    527.3     40.7     40.7      0.0      6.2      0.6      6.7      2    50,   50  /PD_TOP        (1.10)
i_0_0_64/A2->ZN          NAND2_X4                rf    546.7     19.4     19.4      0.0     24.4      0.6      8.5      2    50,   50  /PD_TOP        (1.10)
i_0_0_63/A1->ZN          NAND2_X4*               fr    575.6     28.9     28.9      0.0      8.6      0.5     28.2      2    50,   50  /PD_TOP        (1.10)
i_0_0_61/A2->ZN          AND2_X4                 rr    608.6     33.0     33.0      0.0     15.3      0.6      7.3      2    50,   50  /PD_TOP        (1.10)
i_0_0_60/A2->ZN          NOR2_X4                 rf    619.3     10.7     10.7      0.0      9.4      0.6      7.1      2    50,   50  /PD_TOP        (1.10)
i_0_0_59/A->ZN           AOI21_X4                fr    668.4     49.1     49.1      0.0      6.2      0.9     13.2      3    50,   50  /PD_TOP        (1.10)
i_0_0_57/A2->ZN          NOR2_X4                 rf    684.4     16.0     16.0      0.0     32.1      0.6      8.4      2    50,   50  /PD_TOP        (1.10)
i_0_0_55/A->ZN           AOI21_X4                fr    726.1     41.7     41.7      0.0      6.5      0.6      7.4      2    50,   50  /PD_TOP        (1.10)
i_0_0_54/A2->ZN          NOR2_X4                 rf    740.5     14.4     14.4      0.0     25.2      0.6      7.1      2    50,   50  /PD_TOP        (1.10)
i_0_0_53/A->ZN           AOI21_X4                fr    805.8     65.3     65.3      0.0      6.2      0.3     25.7      1    50,   50  /PD_TOP        (1.10)
i_0_0_52/A->ZN           INV_X8                  rf    816.5     10.7     10.7      0.0     46.8      0.8     12.8      3    50,   50  /PD_TOP        (1.10)
i_0_0_50/A1->ZN          NOR2_X4                 fr    837.7     21.2     21.2      0.0      4.4      0.3      4.3      1    50,   50  /PD_TOP        (1.10)
i_0_0_48/B2->ZN          OAI21_X4                rf    861.1     23.4     23.4      0.0     15.5      1.0     13.3      3    50,   50  /PD_TOP        (1.10)
i_0_0_47/B2->ZN          AOI22_X4                fr    912.4     51.3     51.3      0.0     13.2      0.6      6.7      2    50,   50  /PD_TOP        (1.10)
i_0_0_45/A2->ZN          NAND2_X4                rf    932.4     20.0     20.0      0.0     27.8      0.6      8.5      2    50,   50  /PD_TOP        (1.10)
i_0_0_44/A1->ZN          NAND2_X4*               fr    962.4     30.0     30.0      0.0      8.6      0.5     29.9      2    50,   50  /PD_TOP        (1.10)
i_0_0_42/A2->ZN          NAND2_X4                rf    982.8     20.4     20.4      0.0     15.3      1.0     13.3      3    50,   50  /PD_TOP        (1.10)
i_0_0_41/B2->ZN          AOI22_X4                fr   1041.3     58.5     58.5      0.0     10.5      0.9     13.2      3    50,   50  /PD_TOP        (1.10)
i_0_0_39/A2->ZN          NOR2_X4                 rf   1057.8     16.5     16.5      0.0     35.5      0.6      8.4      2    50,   50  /PD_TOP        (1.10)
i_0_0_37/A->ZN           AOI21_X4                fr   1099.5     41.7     41.7      0.0      6.5      0.6      7.4      2    50,   50  /PD_TOP        (1.10)
i_0_0_36/A2->ZN          NOR2_X4                 rf   1113.9     14.4     14.4      0.0     25.2      0.6      7.1      2    50,   50  /PD_TOP        (1.10)
i_0_0_35/A->ZN           AOI21_X4*               fr   1183.0     69.1     69.1      0.0      6.2      0.6     30.2      2    50,   50  /PD_TOP        (1.10)
i_0_0_34/A->ZN           INV_X8                  rf   1192.6      9.6      9.6      0.0     15.3      1.0     13.0      3    50,   50  /PD_TOP        (1.10)
i_0_0_29/A1->ZN          OAI22_X4                fr   1224.5     31.9     31.9      0.0      4.4      0.7      8.9      2    50,   50  /PD_TOP        (1.10)
i_0_0_28/B2->ZN          OAI21_X4                rf   1247.7     23.2     23.2      0.0     36.0      0.3      4.2      1    50,   50  /PD_TOP        (1.10)
i_0_0_27/A->ZN           AOI21_X2                fr   1281.4     33.7     33.7      0.0      9.4      0.3      1.5      1    50,   50  /PD_TOP        (1.10)
A_reg[14]/D              DFF_X1                   r   1281.4      0.0               0.0     16.9                             50,   50  /PD_TOP        (1.10)
------------------------------------------------------------------------------------------------------------------------------------------------------------
Report for group I2R
------------------------------------------------------------------------------------------------------------------------------------------------------------
Startpoint: start
    (Clocked by rtDefaultClock R)
Endpoint: Q_reg[16]/D
    (Clocked by sysclk R)
Path Group: I2R
Data required time: 1469.6
    (Clock shift: 1500.0, minus Uncertainty: 0.0, plus Latency 0.0, minus Setup time: 30.4)
Data arrival time: 919.4
Slack: 550.2
Logic depth: 5
------------------------------------------------------------------------------------------------------------------------------------------------------------
                                                     Arrival               Arc      Net               Net    Total   fan-                                   
Path                     Module/Cell           Edge     Time    Delay    Delay    Delay     Slew     Load     Load    out     Location Power Domain      (V)
                                                        (ps)     (ps)     (ps)     (ps)     (ps)     (ff)     (ff)    (#)      (um,um)                      
------------------------------------------------------------------------------------------------------------------------------------------------------------
start                    {set_input_delay}        f    700.0    700.0    700.0                        3.4     13.2      3    50,   99                       
i_0_0_129/B1->ZN         AOI21_X4*               fr    819.5    119.5    119.2      0.3    100.0      5.3     90.2     16    50,   50  /PD_TOP        (1.10)
i_0_0_128/A->ZN          INV_X32                 rf    832.5     13.0     12.8      0.2     15.3      8.5     86.6     25    50,   50  /PD_TOP        (1.10)
i_0_0_166/A->ZN          AOI21_X4                fr    870.6     38.1     37.8      0.3      6.1      0.3      4.5      1    50,   50  /PD_TOP        (1.10)
i_0_0_165/B2->ZN         AOI22_X4                rf    906.5     35.9     35.9      0.0     21.8      0.3     25.8      1    50,   50  /PD_TOP        (1.10)
i_0_0_164/A->ZN          INV_X4                  fr    919.4     12.9     12.9      0.0     21.8      0.3      1.4      1    50,   50  /PD_TOP        (1.10)
Q_reg[16]/D              DFF_X1                   r    919.4      0.0               0.0      4.8                             50,   50  /PD_TOP        (1.10)
------------------------------------------------------------------------------------------------------------------------------------------------------------
Report for group I2O
Report for group R2O
------------------------------------------------------------------------------------------------------------------------------------------------------------
Startpoint: Q_reg[9]/Q
    (Clocked by sysclk R)
Endpoint: overflow_flag
    (Clocked by vsysclk R)
Path Group: R2O
Data required time: 1350.0
    (Clock shift: 1500.0, minus Uncertainty: 0.0, plus Latency 0.0, minus Out delay: 150.0)
Data arrival time: 894.8
Slack: 455.2
Logic depth: 31
------------------------------------------------------------------------------------------------------------------------------------------------------------
                                                     Arrival               Arc      Net               Net    Total   fan-                                   
Path                     Module/Cell           Edge     Time    Delay    Delay    Delay     Slew     Load     Load    out     Location Power Domain      (V)
                                                        (ps)     (ps)     (ps)     (ps)     (ps)     (ff)     (ff)    (#)      (um,um)                      
------------------------------------------------------------------------------------------------------------------------------------------------------------
clk                      {create_clock}           r      0.0      0.0      0.0                        0.0      0.0      3    99,   49                       
clk_gate_Q_reg/CK->GCK   CLKGATETST_X1           rr      0.0      0.0      0.0      0.0      0.0      0.0      0.0     38    50,   50  /PD_TOP        (1.10)
Q_reg[9]/CK->Q           DFF_X1                  rr    140.2    140.2    140.2      0.0      0.0      0.3     25.7      1    50,   50  /PD_TOP        (1.10)
i_0_0_217/A->ZN          INV_X8                  rf    150.6     10.4     10.4      0.0     61.6      0.9     13.1      3    50,   50  /PD_TOP        (1.10)
i_0_0_201/A1->ZN         NOR2_X4*                fr    205.7     55.1     55.1      0.0      4.5      0.8     34.1      3    50,   50  /PD_TOP        (1.10)
i_0_0_199/A2->ZN         NAND2_X4*               rf    235.8     30.1     30.1      0.0     15.3      0.6     30.2      2    50,   50  /PD_TOP        (1.10)
i_0_0_198/A->ZN          INV_X8                  fr    250.1     14.3     14.3      0.0     15.3      0.6      8.4      2    50,   50  /PD_TOP        (1.10)
i_0_0_197/A2->ZN         NAND2_X4*               rf    277.3     27.2     27.2      0.0      6.3      0.6     30.2      2    50,   50  /PD_TOP        (1.10)
i_0_0_196/A->ZN          INV_X8                  fr    291.6     14.3     14.3      0.0     15.3      0.6      8.4      2    50,   50  /PD_TOP        (1.10)
i_0_0_195/A2->ZN         NAND2_X4*               rf    318.8     27.2     27.2      0.0      6.3      0.6     30.2      2    50,   50  /PD_TOP        (1.10)
i_0_0_194/A->ZN          INV_X8                  fr    333.1     14.3     14.3      0.0     15.3      0.6      8.4      2    50,   50  /PD_TOP        (1.10)
i_0_0_237/A2->ZN         NAND2_X4*               rf    360.3     27.2     27.2      0.0      6.3      0.6     30.2      2    50,   50  /PD_TOP        (1.10)
i_0_0_236/A->ZN          INV_X8                  fr    374.6     14.3     14.3      0.0     15.3      0.6      8.4      2    50,   50  /PD_TOP        (1.10)
i_0_0_235/A2->ZN         NAND2_X4*               rf    401.8     27.2     27.2      0.0      6.3      0.6     30.2      2    50,   50  /PD_TOP        (1.10)
i_0_0_234/A->ZN          INV_X8                  fr    416.1     14.3     14.3      0.0     15.3      0.6      8.4      2    50,   50  /PD_TOP        (1.10)
i_0_0_233/A2->ZN         NAND2_X4*               rf    443.3     27.2     27.2      0.0      6.3      0.6     30.2      2    50,   50  /PD_TOP        (1.10)
i_0_0_232/A->ZN          INV_X8                  fr    457.6     14.3     14.3      0.0     15.3      0.6      8.4      2    50,   50  /PD_TOP        (1.10)
i_0_0_231/A2->ZN         NAND2_X4*               rf    484.8     27.2     27.2      0.0      6.3      0.6     30.2      2    50,   50  /PD_TOP        (1.10)
i_0_0_230/A->ZN          INV_X8                  fr    499.1     14.3     14.3      0.0     15.3      0.6      8.4      2    50,   50  /PD_TOP        (1.10)
i_0_0_229/A2->ZN         NAND2_X4*               rf    526.3     27.2     27.2      0.0      6.3      0.6     30.2      2    50,   50  /PD_TOP        (1.10)
i_0_0_228/A->ZN          INV_X8                  fr    540.6     14.3     14.3      0.0     15.3      0.6      8.4      2    50,   50  /PD_TOP        (1.10)
i_0_0_193/A2->ZN         NAND2_X4*               rf    567.8     27.2     27.2      0.0      6.3      0.6     30.2      2    50,   50  /PD_TOP        (1.10)
i_0_0_192/A->ZN          INV_X8                  fr    582.1     14.3     14.3      0.0     15.3      0.6      8.4      2    50,   50  /PD_TOP        (1.10)
i_0_0_191/A2->ZN         NAND2_X4*               rf    609.3     27.2     27.2      0.0      6.3      0.6     30.2      2    50,   50  /PD_TOP        (1.10)
i_0_0_190/A->ZN          INV_X8                  fr    623.6     14.3     14.3      0.0     15.3      0.6      8.4      2    50,   50  /PD_TOP        (1.10)
i_0_0_189/A2->ZN         NAND2_X4*               rf    650.8     27.2     27.2      0.0      6.3      0.6     30.2      2    50,   50  /PD_TOP        (1.10)
i_0_0_188/A->ZN          INV_X8                  fr    665.1     14.3     14.3      0.0     15.3      0.6      8.4      2    50,   50  /PD_TOP        (1.10)
i_0_0_171/A2->ZN         NAND2_X4*               rf    692.3     27.2     27.2      0.0      6.3      0.6     30.2      2    50,   50  /PD_TOP        (1.10)
i_0_0_170/A->ZN          INV_X8                  fr    706.6     14.3     14.3      0.0     15.3      0.6      8.4      2    50,   50  /PD_TOP        (1.10)
i_0_0_169/A2->ZN         NAND2_X4*               rf    733.6     27.0     27.0      0.0      6.3      0.5     29.9      2    50,   50  /PD_TOP        (1.10)
i_0_0_168/A2->ZN         NAND2_X4*               fr    768.1     34.5     34.5      0.0     15.3      0.6     27.7      2    50,   50  /PD_TOP        (1.10)
i_0_0_167/A->ZN          INV_X8                  rf    775.6      7.5      7.5      0.0     15.3      0.7      6.1      2    50,   50  /PD_TOP        (1.10)
i_0_0_131/B3->ZN         OAI33_X1                fr    877.0    101.4    101.4      0.0      3.7      0.3      4.5      1    50,   50  /PD_TOP        (1.10)
i_0_0_130/A2->ZN         NOR2_X4                 rf    894.5     17.5     17.5      0.0     78.7      2.9      7.9      1    50,   50  /PD_TOP        (1.10)
overflow_flag                                     f    894.8      0.3               0.3      6.4                             48,   99                       
------------------------------------------------------------------------------------------------------------------------------------------------------------
