Report End Points: 
-----+-------+------+-------+------+-----+-----+-----+-----------+-----------
     |Group  |Launch|Capture|Shift |Delay|Depth|Slack|Begin Point|End Point  
-----+-------+------+-------+------+-----+-----+-----+-----------+-----------
1    |default|sysclk|sysclk |1500.0|914.5|   26|452.7|Q_reg[0]/Q |A_reg[13]/D
2    |default|sysclk|sysclk |1500.0|834.8|   25|538.0|Q_reg[0]/Q |A_reg[12]/D
3    |default|sysclk|sysclk |1500.0|821.0|   23|551.8|Q_reg[0]/Q |A_reg[10]/D
-----+-------+------+-------+------+-----+-----+-----+-----------+-----------
Report End Points: 
-----+-----+--------------+-------+------+-----+-----+-----+-----------+----------------
     |Group|Launch        |Capture|Shift |Delay|Depth|Slack|Begin Point|End Point       
-----+-----+--------------+-------+------+-----+-----+-----+-----------+----------------
1    |I2R  |rtDefaultClock|sysclk |1500.0|191.8|    5|545.4|start      |clk_gate_Q_reg/E
2    |I2R  |rtDefaultClock|sysclk |1500.0|216.3|    5|545.5|start      |A_reg[1]/D      
3    |I2R  |rtDefaultClock|sysclk |1500.0|222.5|    7|547.1|start      |Q_reg[16]/D     
-----+-----+--------------+-------+------+-----+-----+-----+-----------+----------------
Report End Points: 
-----+-----+------+-------+-----+-----+-----+-----+-----------+---------
     |Group|Launch|Capture|Shift|Delay|Depth|Slack|Begin Point|End Point
-----+-----+------+-------+-----+-----+-----+-----+-----------+---------
1    |I2O  |      |       |     |     |     |     |           |         
-----+-----+------+-------+-----+-----+-----+-----+-----------+---------
Report End Points: 
-----+-----+------+-------+------+-----+-----+-----+-----------+-------------
     |Group|Launch|Capture|Shift |Delay|Depth|Slack|Begin Point|End Point    
-----+-----+------+-------+------+-----+-----+-----+-----------+-------------
1    |R2O  |sysclk|vsysclk|1500.0|555.8|   15|675.0|Q_reg[8]/Q |overflow_flag
2    |R2O  |sysclk|vsysclk|1500.0|463.2|   12|767.6|Q_reg[8]/Q |result[15]   
3    |R2O  |sysclk|vsysclk|1500.0|439.4|   13|791.4|Q_reg[8]/Q |result[14]   
-----+-----+------+-------+------+-----+-----+-----+-----------+-------------
