warning: No library characterized for (process = 1.00 voltage = 0.85 temperature = 25.00) can be found in the database for power domain '/PD_TOP'  [NL-174]
Report Power (instances with prefix '*' are included in total) : 
-----+-------------------------------------------------------------------+--------------------+---------------------+-------------------+-----------------
     | Instance                                                          | Internal Power(uw) | Switching Power(uw) | Leakage Power(uw) | Total Power(uw) 
-----+-------------------------------------------------------------------+--------------------+---------------------+-------------------+-----------------
1    |*adder_counter_which_adder_0_adder_block_inst1_full_adder_inst1_i_3|            0.193588|             0.283852|           0.014353|         0.491793
2    |*finish_reg                                                        |            0.508971|             1.211977|           0.079112|         1.800061
3    |*A_reg[14]                                                         |            2.263958|             5.476062|           0.079112|         7.819133
4    |*A_reg[13]                                                         |            2.262158|             3.116770|           0.079112|         5.458041
5    |*A_reg[12]                                                         |            2.262102|             3.059955|           0.079112|         5.401169
6    |*A_reg[11]                                                         |            2.262081|             3.038368|           0.079112|         5.379561
7    |*A_reg[10]                                                         |            2.262242|             3.201625|           0.079112|         5.542980
8    |*A_reg[9]                                                          |            2.261539|             2.489670|           0.079112|         4.830321
9    |*A_reg[8]                                                          |            2.262170|             3.128167|           0.079112|         5.469450
10   |*A_reg[7]                                                          |            2.262513|             3.475609|           0.079112|         5.817235
11   |*A_reg[6]                                                          |            2.262828|             3.794551|           0.079112|         6.136491
12   |*A_reg[5]                                                          |            2.262461|             3.422867|           0.079112|         5.764440
13   |*A_reg[4]                                                          |            2.263104|             4.073475|           0.079112|         6.415691
14   |*A_reg[3]                                                          |            2.256192|             1.960054|           0.079112|         4.295359
15   |*A_reg[2]                                                          |            2.261123|             2.396389|           0.079112|         4.736625
16   |*A_reg[1]                                                          |            2.264040|             6.099092|           0.079112|         8.442244
17   |*A_reg[0]                                                          |            2.263692|             4.668950|           0.079112|         7.011755
18   |*clk_gate_multiplicand_buffer_reg                                  |            1.681707|             0.000000|           0.059138|         1.740845
19   |*multiplicand_buffer_reg[15]                                       |            2.126115|             1.621226|           0.079112|         3.826453
20   |*multiplicand_buffer_reg[14]                                       |            2.133342|             2.260710|           0.079112|         4.473165
21   |*multiplicand_buffer_reg[13]                                       |            2.134597|             3.218920|           0.079112|         5.432629
22   |*multiplicand_buffer_reg[12]                                       |            2.136095|             5.740755|           0.079112|         7.955963
23   |*multiplicand_buffer_reg[11]                                       |            2.133889|             2.502756|           0.079112|         4.715757
24   |*multiplicand_buffer_reg[10]                                       |            2.134583|             3.204593|           0.079112|         5.418289
25   |*multiplicand_buffer_reg[9]                                        |            2.136031|             5.252891|           0.079112|         7.468034
26   |*multiplicand_buffer_reg[8]                                        |            2.136090|             5.698860|           0.079112|         7.914062
27   |*multiplicand_buffer_reg[7]                                        |            2.133921|             2.535425|           0.079112|         4.748458
28   |*multiplicand_buffer_reg[6]                                        |            2.134453|             3.073583|           0.079112|         5.287148
29   |*multiplicand_buffer_reg[5]                                        |            2.136066|             5.519549|           0.079112|         7.734728
30   |*multiplicand_buffer_reg[4]                                        |            2.133929|             2.544043|           0.079112|         4.757085
31   |*multiplicand_buffer_reg[3]                                        |            2.135990|             4.945223|           0.079112|         7.160326
32   |*multiplicand_buffer_reg[2]                                        |            2.133680|             2.291302|           0.079112|         4.504095
33   |*multiplicand_buffer_reg[1]                                        |            2.134247|             2.864562|           0.079112|         5.077920
34   |*multiplicand_buffer_reg[0]                                        |            2.134444|             3.065019|           0.079112|         5.278576
35   |*Q_reg[16]                                                         |            2.257346|             2.062160|           0.079112|         4.398619
36   |*Q_reg[15]                                                         |            2.261759|             2.711839|           0.079112|         5.052711
37   |*Q_reg[14]                                                         |            1.636311|             1.271351|           0.079112|         2.986774
38   |*Q_reg[13]                                                         |            1.641358|             1.717947|           0.079112|         3.438418
39   |*Q_reg[12]                                                         |            1.636782|             1.312989|           0.079112|         3.028883
40   |*Q_reg[11]                                                         |            1.635255|             1.177948|           0.079112|         2.892316
41   |*Q_reg[10]                                                         |            1.640763|             1.665279|           0.079112|         3.385154
42   |*Q_reg[9]                                                          |            1.638863|             1.497156|           0.079112|         3.215131
43   |*Q_reg[8]                                                          |            1.642066|             1.968831|           0.079112|         3.690010
44   |*Q_reg[7]                                                          |            1.642122|             2.024815|           0.079112|         3.746049
45   |*Q_reg[6]                                                          |            1.618110|             0.512389|           0.079112|         2.209611
46   |*Q_reg[5]                                                          |            1.618110|             0.512389|           0.079112|         2.209611
47   |*Q_reg[4]                                                          |            1.618110|             0.512389|           0.079112|         2.209611
48   |*Q_reg[3]                                                          |            1.618110|             0.512389|           0.079112|         2.209611
49   |*Q_reg[2]                                                          |            1.643614|             3.597190|           0.079112|         5.319917
50   |*Q_reg[1]                                                          |            1.636873|             1.321030|           0.079112|         3.037015
51   |*Q_reg[0]                                                          |            1.728673|             1.423894|           0.079112|         3.231679
52   |*counter_reg[2]                                                    |            1.838642|             0.856067|           0.079112|         2.773822
53   |*counter_reg[1]                                                    |            1.718039|             1.906806|           0.079112|         3.703958
54   |*counter_reg[0]                                                    |            1.735634|             5.099490|           0.079112|         6.914237
55   |*working_reg                                                       |            2.769020|             0.498705|           0.079112|         3.346838
56   |*start_buffer_reg                                                  |            1.770749|             0.775831|           0.079112|         2.625692
57   |*start_buffer_reg_enable_mux_0                                     |            0.482238|             0.140418|           0.035928|         0.658585
58   |*clk_gate_Q_reg                                                    |            1.583361|             0.000000|           0.059138|         1.642499
59   |*i_0_0_0                                                           |            0.383009|             0.193871|           0.027858|         0.604739
60   |*i_0_0_1                                                           |            0.476586|             0.649481|           0.022619|         1.148687
61   |*i_0_0_2                                                           |            0.419244|             1.484755|           0.017393|         1.921393
62   |*i_0_0_3                                                           |            0.416329|             0.168386|           0.034566|         0.619281
63   |*i_0_0_4                                                           |            0.699359|             0.529927|           0.032612|         1.261898
64   |*i_0_0_5                                                           |            0.405316|             0.198849|           0.027858|         0.632023
65   |*i_0_0_6                                                           |            0.399443|             0.533881|           0.022619|         0.955944
66   |*i_0_0_7                                                           |            0.320385|             0.161966|           0.027858|         0.510210
67   |*i_0_0_8                                                           |            0.476488|             0.652462|           0.022619|         1.151570
68   |*i_0_0_9                                                           |            0.429935|             0.192047|           0.027858|         0.649841
69   |*i_0_0_10                                                          |            0.497462|             0.638475|           0.022619|         1.158556
70   |*i_0_0_11                                                          |            0.823090|             1.619123|           0.036441|         2.478654
71   |*i_0_0_12                                                          |            0.354053|             0.161000|           0.027858|         0.542911
72   |*i_0_0_13                                                          |            0.318232|             0.158749|           0.027858|         0.504839
73   |*i_0_0_14                                                          |            0.371561|             0.500054|           0.022619|         0.894235
74   |*i_0_0_15                                                          |            0.413676|             1.601860|           0.017393|         2.032929
75   |*i_0_0_16                                                          |            0.368189|             0.171328|           0.027858|         0.567376
76   |*i_0_0_17                                                          |            0.519441|             0.668695|           0.022619|         1.210755
77   |*i_0_0_18                                                          |            0.852505|             1.337566|           0.035928|         2.226000
78   |*i_0_0_19                                                          |            0.269457|             0.654052|           0.017393|         0.940902
79   |*i_0_0_20                                                          |            0.682569|             0.893305|           0.022695|         1.598569
80   |*i_0_0_21                                                          |            0.408338|             1.633672|           0.027858|         2.069869
81   |*i_0_0_22                                                          |            0.115116|             0.199097|           0.014353|         0.328566
82   |*i_0_0_23                                                          |            0.331874|             0.393191|           0.041741|         0.766806
83   |*i_0_0_24                                                          |            0.121240|             0.143578|           0.021200|         0.286017
84   |*i_0_0_25                                                          |            0.424773|             0.444104|           0.033938|         0.902815
85   |*i_0_0_26                                                          |            0.016547|             0.019767|           0.017393|         0.053708
86   |*i_0_0_27                                                          |            1.097530|             1.449450|           0.036164|         2.583144
87   |*i_0_0_28                                                          |            0.333983|             0.174055|           0.027858|         0.535896
88   |*i_0_0_29                                                          |            0.377051|             0.474459|           0.022039|         0.873549
89   |*i_0_0_30                                                          |            0.340829|             0.643270|           0.017393|         1.001493
90   |*i_0_0_31                                                          |            0.506463|             0.745547|           0.022619|         1.274630
91   |*i_0_0_32                                                          |            0.498585|             0.737383|           0.027858|         1.263826
92   |*i_0_0_164                                                         |            0.247840|             0.088246|           0.025066|         0.361151
93   |*i_0_0_33                                                          |            0.217688|             0.138554|           0.014353|         0.370595
94   |*i_0_0_34                                                          |            0.381772|             2.499206|           0.032612|         2.913590
95   |*i_0_0_167                                                         |            0.217688|             0.138554|           0.014353|         0.370595
96   |*i_0_0_168                                                         |            0.381772|             2.499206|           0.032612|         2.913590
97   |*i_0_0_169                                                         |            0.217688|             0.138554|           0.014353|         0.370595
98   |*i_0_0_170                                                         |            0.381772|             2.499206|           0.032612|         2.913590
99   |*i_0_0_171                                                         |            0.217688|             0.138554|           0.014353|         0.370595
100  |*i_0_0_172                                                         |            0.381772|             2.499206|           0.032612|         2.913590
101  |*i_0_0_173                                                         |            0.217688|             0.138554|           0.014353|         0.370595
102  |*i_0_0_174                                                         |            0.382154|             2.499206|           0.032612|         2.913972
103  |*i_0_0_175                                                         |            0.217688|             0.138554|           0.014353|         0.370595
104  |*i_0_0_176                                                         |            0.382010|             2.499206|           0.032612|         2.913827
105  |*i_0_0_177                                                         |            0.217688|             0.138554|           0.014353|         0.370595
106  |*i_0_0_178                                                         |            0.381723|             2.499206|           0.032612|         2.913541
107  |*i_0_0_179                                                         |            0.217688|             0.138554|           0.014353|         0.370595
108  |*i_0_0_180                                                         |            0.381810|             2.499206|           0.032612|         2.913628
109  |*i_0_0_181                                                         |            0.217688|             0.138554|           0.014353|         0.370595
110  |*i_0_0_182                                                         |            0.381559|             2.499206|           0.032612|         2.913377
111  |*i_0_0_183                                                         |            0.217688|             0.138554|           0.014353|         0.370595
112  |*i_0_0_184                                                         |            0.381628|             2.499206|           0.032612|         2.913445
113  |*i_0_0_185                                                         |            0.217688|             0.138554|           0.014353|         0.370595
114  |*i_0_0_186                                                         |            0.381837|             2.499206|           0.032612|         2.913655
115  |*i_0_0_187                                                         |            0.217688|             0.138554|           0.014353|         0.370595
116  |*i_0_0_188                                                         |            0.381607|             2.499206|           0.032612|         2.913424
117  |*i_0_0_189                                                         |            0.317037|             0.201787|           0.014353|         0.533178
118  |*i_0_0_190                                                         |            0.522625|             3.639800|           0.032612|         4.195037
119  |*i_0_0_191                                                         |            0.317037|             0.201787|           0.014353|         0.533178
120  |*i_0_0_192                                                         |            0.522169|             3.639800|           0.032612|         4.194581
121  |*i_0_0_35                                                          |            0.325493|             0.207169|           0.014353|         0.547016
122  |*i_0_0_36                                                          |            0.505237|             3.736880|           0.032612|         4.274728
123  |*i_0_0_37                                                          |            0.414352|             0.719148|           0.021200|         1.154700
124  |*i_0_0_38                                                          |            0.351919|             0.754054|           0.017393|         1.123366
125  |*i_0_0_39                                                          |            0.359650|             0.228909|           0.014353|         0.602912
126  |*i_0_0_40                                                          |            0.543509|             4.129018|           0.032612|         4.705139
127  |*i_0_0_41                                                          |            0.235543|             0.460344|           0.021200|         0.717087
128  |*i_0_0_42                                                          |            0.045157|             0.156194|           0.017393|         0.218744
129  |*i_0_0_43                                                          |            0.492695|             0.851789|           0.021200|         1.365684
130  |*i_0_0_44                                                          |            1.054628|             1.607432|           0.036441|         2.698502
131  |*i_0_0_45                                                          |            0.615009|             1.074595|           0.041741|         1.731346
132  |*i_0_0_46                                                          |            0.327087|             0.289084|           0.022619|         0.638790
133  |*i_0_0_47                                                          |            0.111835|             0.135343|           0.021200|         0.268378
134  |*i_0_0_48                                                          |            0.760508|             1.355052|           0.036441|         2.152002
135  |*i_0_0_49                                                          |            0.512138|             0.738313|           0.021200|         1.271651
136  |*i_0_0_50                                                          |            0.072944|             0.448435|           0.021200|         0.542579
137  |*i_0_0_51                                                          |            0.191781|             0.568597|           0.018105|         0.778482
138  |*i_0_0_52                                                          |            0.681483|             0.295285|           0.027858|         1.004626
139  |*i_0_0_53                                                          |            0.332298|             8.932215|           0.021200|         9.285713
140  |*i_0_0_219                                                         |            0.689576|             0.245547|           0.025066|         0.960190
141  |*i_0_0_54                                                          |            0.287513|             0.139072|           0.027858|         0.454444
142  |*i_0_0_55                                                          |            0.297303|             0.415313|           0.022619|         0.735235
143  |*i_0_0_56                                                          |            0.164641|             0.096895|           0.026832|         0.288367
144  |*i_0_0_57                                                          |            0.465533|             0.626274|           0.027858|         1.119665
145  |*i_0_0_224                                                         |            0.439883|             0.129132|           0.022695|         0.591710
146  |*i_0_0_58                                                          |            0.520303|             0.325982|           0.021200|         0.867484
147  |*i_0_0_226                                                         |            0.520303|             0.325982|           0.021200|         0.867484
148  |*i_0_0_227                                                         |            0.520303|             0.325982|           0.021200|         0.867484
149  |*i_0_0_228                                                         |            0.520303|             0.325982|           0.021200|         0.867484
150  |*i_0_0_229                                                         |            0.520303|             0.325982|           0.021200|         0.867484
151  |*i_0_0_230                                                         |            0.520303|             0.325982|           0.021200|         0.867484
152  |*i_0_0_231                                                         |            0.520303|             0.325982|           0.021200|         0.867484
153  |*i_0_0_232                                                         |            0.520303|             0.325982|           0.021200|         0.867484
154  |*i_0_0_233                                                         |            0.520303|             0.325982|           0.021200|         0.867484
155  |*i_0_0_234                                                         |            0.520303|             0.325982|           0.021200|         0.867484
156  |*i_0_0_235                                                         |            0.520303|             0.325982|           0.021200|         0.867484
157  |*i_0_0_236                                                         |            0.520303|             0.325982|           0.021200|         0.867484
158  |*i_0_0_237                                                         |            0.520303|             0.325982|           0.021200|         0.867484
159  |*i_0_0_238                                                         |            0.520303|             0.325982|           0.021200|         0.867484
160  |*i_0_0_239                                                         |            0.520303|             0.325982|           0.021200|         0.867484
161  |*i_0_0_240                                                         |            0.520303|             0.325982|           0.021200|         0.867484
162  |*i_0_0_241                                                         |            0.012176|             0.004235|           0.025066|         0.041476
163  |*i_0_0_59                                                          |            0.038748|             0.084548|           0.026481|         0.149777
164  |*i_0_0_246                                                         |            0.137068|             0.283766|           0.034566|         0.455399
165  |*i_0_0_247                                                         |            0.005369|             0.004535|           0.032601|         0.042506
166  |*i_0_0_248                                                         |            0.274265|             0.329884|           0.022039|         0.626188
167  |*i_0_0_249                                                         |            0.253918|             0.331347|           0.018105|         0.603369
168  |*i_0_0_250                                                         |            0.340297|             0.547016|           0.017393|         0.904706
169  |*i_0_0_251                                                         |            0.048235|             0.034044|           0.032601|         0.114880
170  |*i_0_0_252                                                         |            0.376895|             0.354448|           0.024415|         0.755758
171  |*i_0_0_253                                                         |            0.284250|             0.231096|           0.032601|         0.547948
172  |*i_0_0_254                                                         |            0.965374|             1.239573|           0.036164|         2.241111
173  |*i_0_0_60                                                          |            0.330529|             1.004515|           0.021200|         1.356244
174  |*i_0_0_61                                                          |            0.429644|             0.596243|           0.027858|         1.053745
175  |*i_0_0_62                                                          |            1.027134|             1.213351|           0.036441|         2.276927
176  |*i_0_0_63                                                          |            0.867313|             1.079458|           0.036441|         1.983212
177  |*i_0_0_64                                                          |            0.332114|             1.008563|           0.021200|         1.361876
178  |*i_0_0_65                                                          |            0.258416|             0.566319|           0.021200|         0.845934
179  |*i_0_0_66                                                          |            0.862111|             0.962778|           0.036164|         1.861053
180  |*i_0_0_67                                                          |            0.311885|             0.931582|           0.021200|         1.264667
181  |*i_0_0_68                                                          |            0.390515|             0.525490|           0.027858|         0.943863
182  |*i_0_0_69                                                          |            1.152222|             1.270616|           0.036164|         2.459001
183  |*i_0_0_265                                                         |            0.425665|             1.270148|           0.021200|         1.717013
184  |*i_0_0_266                                                         |            0.544566|             0.715303|           0.027858|         1.287728
185  |*i_0_0_267                                                         |            1.102688|             1.269114|           0.036441|         2.408242
186  |*i_0_0_268                                                         |            0.407118|             1.268736|           0.036441|         1.712294
187  |*i_0_0_269                                                         |            0.425352|             1.271697|           0.021200|         1.718248
188  |*i_0_0_270                                                         |            0.527428|             0.715230|           0.027858|         1.270517
189  |*i_0_0_271                                                         |            1.112628|             1.270890|           0.036441|         2.419959
190  |*i_0_0_272                                                         |            1.183314|             1.271537|           0.036164|         2.491015
191  |*i_0_0_273                                                         |            0.425341|             1.270760|           0.021200|         1.717301
192  |*i_0_0_274                                                         |            0.586850|             0.715152|           0.027858|         1.329860
193  |*i_0_0_275                                                         |            1.149097|             1.272022|           0.036441|         2.457561
194  |*i_0_0_276                                                         |            0.000019|             0.000160|           0.014353|         0.014533
195  |*i_0_0_277                                                         |            0.000036|             0.000366|           0.018105|         0.018506
196  |*i_0_0_278                                                         |            0.000220|             0.000637|           0.025066|         0.025922
197  |*i_0_0_279                                                         |            0.000155|             0.000690|           0.014353|         0.015198
198  |*i_0_0_280                                                         |            0.000276|             0.002925|           0.018105|         0.021305
199  |*i_0_0_281                                                         |            0.000743|             0.005189|           0.021200|         0.027131
200  |*i_0_0_282                                                         |            0.000280|             0.000804|           0.014353|         0.015437
201  |*i_0_0_283                                                         |            0.000507|             0.006103|           0.018105|         0.024715
202  |*i_0_0_70                                                          |            0.003553|             0.012489|           0.026481|         0.042523
203  |*i_0_0_71                                                          |            0.026576|             0.090870|           0.025066|         0.142512
204  |*i_0_0_72                                                          |            0.027111|             0.039232|           0.026481|         0.092824
205  |*i_0_0_73                                                          |            0.051458|             0.090661|           0.017393|         0.159512
206  |*i_0_0_74                                                          |            0.016097|             0.115445|           0.014353|         0.145895
207  |*i_0_0_75                                                          |            0.032025|             0.304309|           0.018105|         0.354439
208  |*i_0_0_76                                                          |            1.036564|             1.360285|           0.014353|         2.411202
209  |*i_0_0_291                                                         |            1.036564|             1.360285|           0.014353|         2.411202
210  |*i_0_0_292                                                         |            1.036564|             1.360285|           0.014353|         2.411202
211  |*i_0_0_293                                                         |            1.036564|             1.360285|           0.014353|         2.411202
212  |*i_0_0_294                                                         |            1.036564|             1.360285|           0.014353|         2.411202
213  |*i_0_0_295                                                         |            1.036564|             1.360285|           0.014353|         2.411202
214  |*i_0_0_296                                                         |            1.036564|             1.360285|           0.014353|         2.411202
215  |*i_0_0_297                                                         |            1.036564|             1.360285|           0.014353|         2.411202
216  |*i_0_0_298                                                         |            1.036564|             1.360285|           0.014353|         2.411202
217  |*i_0_0_299                                                         |            1.036564|             1.360285|           0.014353|         2.411202
218  |*i_0_0_300                                                         |            1.036564|             1.360285|           0.014353|         2.411202
219  |*i_0_0_301                                                         |            1.036564|             1.360285|           0.014353|         2.411202
220  |*i_0_0_302                                                         |            1.036564|             1.360285|           0.014353|         2.411202
221  |*i_0_0_303                                                         |            1.036564|             1.360285|           0.014353|         2.411202
222  |*i_0_0_304                                                         |            1.036564|             1.360285|           0.014353|         2.411202
223  |*i_0_0_305                                                         |            1.036564|             1.360285|           0.014353|         2.411202
224  |*i_0_0_307                                                         |            0.056653|             0.096412|           0.014353|         0.167418
225  |*i_0_0_77                                                          |            0.251885|             2.090224|           0.014353|         2.356463
226  |*i_0_0_78                                                          |            0.251991|             1.236125|           0.014353|         1.502468
227  |*i_0_0_79                                                          |            0.251828|             2.480956|           0.014353|         2.747138
228  |*i_0_0_80                                                          |            0.304877|             1.744641|           0.014353|         2.063871
229  |*i_0_0_81                                                          |            0.329351|             0.262725|           0.017393|         0.609470
230  |*i_0_0_82                                                          |            0.305487|            26.584394|           0.021200|        26.911079
231  |*i_0_0_83                                                          |            0.464699|             5.843652|           0.021200|         6.329550
232  |*i_0_0_84                                                          |            1.038327|             1.337171|           0.014353|         2.389852
233  |*i_0_0_85                                                          |            0.616784|             1.595239|           0.027858|         2.239881
234  |*i_0_0_86                                                          |            0.254740|             0.687389|           0.014353|         0.956482
235  |*i_0_0_87                                                          |            0.385418|             4.870677|           0.021200|         5.277294
236  |*i_0_0_88                                                          |            0.252115|             2.574814|           0.017393|         2.844322
237  |*i_0_0_89                                                          |            0.633699|             1.886595|           0.033938|         2.554232
238  |*i_0_0_90                                                          |            0.173107|             0.167993|           0.032612|         0.373712
239  |*i_0_0_91                                                          |            0.312572|             4.688831|           0.018105|         5.019509
240  |*i_0_0_92                                                          |            0.943361|             1.047394|           0.036441|         2.027196
241  |*i_0_0_93                                                          |            0.571961|             8.992194|           0.034566|         9.598721
242  |*i_0_0_94                                                          |            0.052366|             1.465293|           0.021200|         1.538859
243  |*i_0_0_95                                                          |            0.077018|             0.887841|           0.017393|         0.982252
244  |*i_0_0_96                                                          |            0.600775|             1.391300|           0.022619|         2.014694
245  |*i_0_0_97                                                          |            0.415243|             2.205850|           0.017393|         2.638486
246  |*i_0_0_98                                                          |            0.593402|             1.687368|           0.026832|         2.307601
247  |*i_0_0_99                                                          |            0.207142|             4.385184|           0.017393|         4.609719
248  |*i_0_0_100                                                         |            0.267892|             1.520133|           0.014353|         1.802378
249  |*i_0_0_101                                                         |            0.383621|             7.063834|           0.021200|         7.468654
250  |*i_0_0_102                                                         |            0.237739|             1.261307|           0.014353|         1.513399
251  |*i_0_0_103                                                         |            0.563905|             1.580060|           0.022619|         2.166584
252  |*i_0_0_104                                                         |            0.438407|             0.677900|           0.021200|         1.137507
253  |*i_0_0_105                                                         |            0.276376|             0.879523|           0.017393|         1.173292
254  |*i_0_0_106                                                         |            0.581753|             1.895599|           0.033938|         2.511289
255  |*i_0_0_107                                                         |            0.157618|             0.167993|           0.032612|         0.358223
256  |*i_0_0_108                                                         |            1.136782|             1.353617|           0.036164|         2.526563
257  |*i_0_0_109                                                         |            0.343785|             1.132831|           0.021200|         1.497815
258  |*i_0_0_110                                                         |            0.236385|             0.633143|           0.014353|         0.883881
259  |*i_0_0_111                                                         |            0.341285|             0.164706|           0.027858|         0.533849
260  |*i_0_0_112                                                         |            0.470558|             0.646690|           0.022619|         1.139867
261  |*i_0_0_113                                                         |            0.556810|             1.589805|           0.022619|         2.169235
262  |*i_0_0_114                                                         |            0.442146|             0.679900|           0.021200|         1.143245
263  |*i_0_0_115                                                         |            0.238491|             0.771181|           0.017393|         1.027066
264  |*i_0_0_116                                                         |            0.600488|             1.972285|           0.033938|         2.606711
265  |*i_0_0_117                                                         |            0.173378|             0.167993|           0.032612|         0.373983
266  |*i_0_0_118                                                         |            1.114631|             0.961097|           0.036164|         2.111892
267  |*i_0_0_119                                                         |            0.448119|             1.872479|           0.022619|         2.343218
268  |*i_0_0_120                                                         |            0.559771|             0.808419|           0.017393|         1.385583
269  |*i_0_0_121                                                         |            0.210049|             0.333115|           0.017393|         0.560557
270  |*i_0_0_122                                                         |            0.416324|             1.756719|           0.027858|         2.200902
271  |*i_0_0_123                                                         |            0.435743|             1.860818|           0.022619|         2.319180
272  |*i_0_0_124                                                         |            0.296739|             1.703492|           0.017393|         2.017624
273  |*i_0_0_125                                                         |            0.172930|             0.868440|           0.017393|         1.058763
274  |*i_0_0_126                                                         |            0.226095|             2.181242|           0.018105|         2.425442
275  |*i_0_0_127                                                         |            0.722754|             1.469766|           0.022695|         2.215214
276  |*i_0_0_128                                                         |            0.416870|             0.891720|           0.022619|         1.331209
277  |*i_0_0_129                                                         |            0.738121|             2.219754|           0.022695|         2.980570
278  |*i_0_0_130                                                         |            0.422749|             1.465313|           0.017393|         1.905455
279  |*i_0_0_131                                                         |            0.459563|             1.992270|           0.027858|         2.479691
280  |*i_0_0_132                                                         |            0.101442|             0.358970|           0.017393|         0.477806
281  |*i_0_0_133                                                         |            0.262537|             0.558932|           0.022619|         0.844088
282  |*i_0_0_134                                                         |            0.720172|             2.257401|           0.041741|         3.019314
283  |*i_0_0_135                                                         |            0.435316|             0.359580|           0.034026|         0.828921
284  |*i_0_0_136                                                         |            0.335361|             1.230359|           0.014353|         1.580073
285  |*i_0_0_137                                                         |            0.512733|             4.451954|           0.027858|         4.992546
286  |*i_0_0_138                                                         |            0.221010|             0.737715|           0.021200|         0.979925
287  |*i_0_0_139                                                         |            0.273678|             1.553344|           0.017393|         1.844415
288  |*i_0_0_140                                                         |            0.162389|             0.429982|           0.014353|         0.606724
289  |*i_0_0_141                                                         |            0.380457|             0.517822|           0.022619|         0.920898
290  |*i_0_0_142                                                         |            0.602227|             2.395263|           0.033938|         3.031428
291  |*i_0_0_143                                                         |            0.244939|             0.169059|           0.032612|         0.446610
292  |*i_0_0_144                                                         |            1.094409|             0.966815|           0.036164|         2.097388
293  |*i_0_0_145                                                         |            0.220590|             0.441962|           0.026832|         0.689384
294  |*i_0_0_146                                                         |            1.065152|             1.602349|           0.036164|         2.703665
295  |*i_0_0_147                                                         |            0.381844|             1.063811|           0.027858|         1.473513
296  |*i_0_0_148                                                         |            0.237987|             0.379427|           0.014353|         0.631768
297  |*i_0_0_149                                                         |            0.336053|             0.162640|           0.027858|         0.526551
298  |*i_0_0_150                                                         |            0.461401|             0.630405|           0.022619|         1.114425
299  |*i_0_0_151                                                         |            0.424640|             1.584752|           0.017393|         2.026785
300  |*i_0_0_152                                                         |            0.722756|             1.336698|           0.022695|         2.082149
301  |*i_0_0_153                                                         |            0.222398|             0.728470|           0.017393|         0.968261
302  |*i_0_0_154                                                         |            0.680711|             1.034632|           0.033938|         1.749281
303  |*i_0_0_155                                                         |            0.165522|             0.167993|           0.032612|         0.366127
304  |*i_0_0_156                                                         |            0.438233|             0.889392|           0.022619|         1.350245
305  |*i_0_0_157                                                         |            0.092549|             0.723459|           0.017393|         0.833402
306  |*i_0_0_158                                                         |            0.255385|             0.478235|           0.025066|         0.758685
307  |*i_0_0_159                                                         |            0.571627|             2.004992|           0.032612|         2.609231
308  |*i_0_0_160                                                         |            0.727240|             0.721977|           0.022695|         1.471912
309  |*i_0_0_161                                                         |            0.237739|             1.261307|           0.014353|         1.513399
310  |*i_0_0_162                                                         |            0.331877|             0.164444|           0.027858|         0.524179
311  |*i_0_0_163                                                         |            0.456638|             0.636152|           0.022619|         1.115409
312  |*i_0_0_165                                                         |            0.554397|             1.591704|           0.022619|         2.168721
313  |*i_0_0_166                                                         |            0.434347|             0.677074|           0.021200|         1.132620
314  |*i_0_0_193                                                         |            0.242138|             0.792940|           0.017393|         1.052472
315  |*i_0_0_194                                                         |            0.606258|             2.011712|           0.033938|         2.651908
316  |*i_0_0_195                                                         |            0.247748|             0.169059|           0.032612|         0.449419
317  |*i_0_0_196                                                         |            1.014896|             0.891808|           0.036441|         1.943145
318  |*i_0_0_197                                                         |            0.355575|             1.991327|           0.017393|         2.364295
319  |*i_0_0_198                                                         |            0.442774|             0.763563|           0.017393|         1.223731
320  |*i_0_0_199                                                         |            0.387431|             0.164082|           0.034566|         0.586078
321  |*i_0_0_200                                                         |            0.440637|             0.483461|           0.021200|         0.945297
322  |*i_0_0_201                                                         |            1.063093|             1.383525|           0.036164|         2.482782
323  |*i_0_0_202                                                         |            0.604573|             1.608572|           0.033938|         2.247084
324  |*i_0_0_203                                                         |            0.245973|             0.169059|           0.032612|         0.447643
325  |*i_0_0_204                                                         |            1.086456|             0.877591|           0.036164|         2.000211
326  |*i_0_0_205                                                         |            0.078276|             0.121359|           0.021200|         0.220835
327  |*i_0_0_206                                                         |            0.407870|             1.704514|           0.027858|         2.140243
328  |*i_0_0_207                                                         |            0.264982|             4.521713|           0.014353|         4.801048
329  |*i_0_0_208                                                         |            0.075389|             0.193038|           0.026832|         0.295259
330  |*i_0_0_209                                                         |            1.074441|             0.877771|           0.036164|         1.988376
331  |*i_0_0_210                                                         |            0.247124|             0.169059|           0.032612|         0.448795
332  |*i_0_0_211                                                         |            0.699068|             2.672044|           0.033938|         3.405050
333  |*i_0_0_212                                                         |            0.718134|             0.709069|           0.022695|         1.449898
334  |*i_0_0_213                                                         |            0.620289|             1.233739|           0.032612|         1.886641
335  |*i_0_0_214                                                         |            0.928663|             1.565925|           0.036441|         2.531029
336  |*i_0_0_215                                                         |            0.387530|             0.519002|           0.022619|         0.929151
337  |*i_0_0_216                                                         |            0.336890|             0.160685|           0.027858|         0.525433
338  |*i_0_0_217                                                         |            0.236385|             0.633143|           0.014353|         0.883881
339  |*i_0_0_218                                                         |            0.338293|             0.164454|           0.027858|         0.530606
340  |*i_0_0_220                                                         |            0.457957|             0.632363|           0.022619|         1.112940
341  |*i_0_0_221                                                         |            0.553339|             1.591427|           0.022619|         2.167386
342  |*i_0_0_222                                                         |            0.431627|             0.675732|           0.021200|         1.128559
343  |*i_0_0_223                                                         |            0.243154|             0.799439|           0.017393|         1.059986
344  |*i_0_0_225                                                         |            0.699019|             2.020896|           0.033938|         2.753854
345  |*i_0_0_242                                                         |            0.178593|             0.167993|           0.032612|         0.379198
346  |*i_0_0_243                                                         |            1.044150|             0.858552|           0.036441|         1.939144
347  |*i_0_0_244                                                         |            0.047580|             0.236270|           0.017393|         0.301243
348  |*i_0_0_245                                                         |            0.486922|             2.050010|           0.022619|         2.559551
349  |*i_0_0_255                                                         |            0.423699|             0.789221|           0.017393|         1.230314
350  |*i_0_0_256                                                         |            0.234097|             0.383167|           0.017393|         0.634657
351  |*i_0_0_257                                                         |            0.602244|             1.045900|           0.033938|         1.682082
352  |*i_0_0_258                                                         |            0.164390|             0.167993|           0.032612|         0.364996
353  |*i_0_0_259                                                         |            1.083795|             1.115909|           0.036164|         2.235868
354  |*i_0_0_260                                                         |            0.033560|             0.052504|           0.021200|         0.107263
355  |*i_0_0_261                                                         |            0.898772|             1.602202|           0.041741|         2.542715
356  |*i_0_0_262                                                         |            0.475380|             0.385619|           0.034026|         0.895025
357  |*i_0_0_263                                                         |            1.077419|             1.298538|           0.036164|         2.412121
358  |*i_0_0_264                                                         |            0.033022|             0.039890|           0.026832|         0.099744
359  |                                                                   |                    |                     |                   |                 
360  |*TOTAL                                                             |          247.118073|           488.360626|          11.688778|       747.167480
-----+-------------------------------------------------------------------+--------------------+---------------------+-------------------+-----------------
