Report End Points: 
-----+-------+------+-------+-----+-----+-----+-----+-----------+---------
     |Group  |Launch|Capture|Shift|Delay|Depth|Slack|Begin Point|End Point
-----+-------+------+-------+-----+-----+-----+-----+-----------+---------
1    |default|      |       |     |     |     |     |           |         
-----+-------+------+-------+-----+-----+-----+-----+-----------+---------
Report End Points: 
-----+-----+------+-------+-----+-----+-----+-----+-----------+---------
     |Group|Launch|Capture|Shift|Delay|Depth|Slack|Begin Point|End Point
-----+-----+------+-------+-----+-----+-----+-----+-----------+---------
1    |I2R  |      |       |     |     |     |     |           |         
-----+-----+------+-------+-----+-----+-----+-----+-----------+---------
Report End Points: 
-----+-----+--------------+-------+------+-----+-----+-----+-----------+-------------
     |Group|Launch        |Capture|Shift |Delay|Depth|Slack|Begin Point|End Point    
-----+-----+--------------+-------+------+-----+-----+-----+-----------+-------------
1    |I2O  |rtDefaultClock|vsysclk|1500.0|621.2|   17| 28.8|is_subtract|overflow_flag
2    |I2O  |rtDefaultClock|vsysclk|1500.0|603.8|   16| 46.2|is_subtract|carry        
3    |I2O  |rtDefaultClock|vsysclk|1500.0|603.0|   17| 47.0|is_subtract|result[15]   
-----+-----+--------------+-------+------+-----+-----+-----+-----------+-------------
Report End Points: 
-----+-----+------+-------+-----+-----+-----+-----+-----------+---------
     |Group|Launch|Capture|Shift|Delay|Depth|Slack|Begin Point|End Point
-----+-----+------+-------+-----+-----+-----+-----+-----------+---------
1    |R2O  |      |       |     |     |     |     |           |         
-----+-----+------+-------+-----+-----+-----+-----+-----------+---------
