Report Physical info: 
------------------------+--------------+-----------+------------
                        |              |Area (squm)|Leakage (uW)
------------------------+--------------+-----------+------------
Design Name             |memory_manager|           |            
  Total Instances       |           286|        501|       9.418
    Macros              |             0|          0|       0.000
    Pads                |             0|          0|       0.000
    Phys                |             0|          0|       0.000
    Blackboxes          |             0|          0|       0.000
    Cells               |           286|        501|       9.418
      Buffers           |             0|          0|       0.000
      Inverters         |            37|         20|       0.531
      Clock-Gates       |             0|          0|       0.000
      Combinational     |           179|        164|       3.342
      Latches           |             0|          0|       0.000
      FlipFlops         |            70|        317|       5.545
       Single-Bit FF    |            70|        317|       5.545
       Multi-Bit FF     |             0|          0|       0.000
       Clock-Gated      |             0|           |            
       Bits             |            70|        317|       5.545
         Load-Enabled   |             0|           |            
         Clock-Gated    |             0|           |            
  Tristate Pin Count    |             0|           |            
Physical Info           |Placed        |           |            
  Chip Size (mm x mm)   |0.089 x 0.089 |       7904|            
  Fixed Cell Area       |              |          0|            
    Phys Only           |             0|          0|            
  Placeable Area        |              |        809|            
  Movable Cell Area     |              |        501|            
  Utilization (%)       |            62|           |            
  Chip Utilization (%)  |            62|           |            
  Total Wire Length (mm)|         6.340|           |            
  Longest Wire (mm)     |         0.050|           |            
  Average Wire (mm)     |         0.047|           |            
------------------------+--------------+-----------+------------
