Report for group default
------------------------------------------------------------------------------------------------------------------------------------------------------------
Startpoint: counter_reg/Q
    (Clocked by sysclk R)
Endpoint: temp2_reg[31]/D
    (Clocked by sysclk F)
Path Group: default
Data required time: 866.8
    (Clock shift: 900.0, minus Uncertainty: 0.0, plus Latency 0.0, minus Setup time: 33.2)
Data arrival time: 300.4
Slack: 566.4
Logic depth: 4
------------------------------------------------------------------------------------------------------------------------------------------------------------
                                                     Arrival               Arc      Net               Net    Total   fan-                                   
Path                     Module/Cell           Edge     Time    Delay    Delay    Delay     Slew     Load     Load    out     Location Power Domain      (V)
                                                        (ps)     (ps)     (ps)     (ps)     (ps)     (ff)     (ff)    (#)      (um,um)                      
------------------------------------------------------------------------------------------------------------------------------------------------------------
clk                      {create_clock}           r      0.0      0.0      0.0                        0.0      0.0      2     0,   46                       
counter_reg/CK->Q        DFFR_X1*                rr    172.2    172.2    172.2      0.0      0.0      5.1     55.0      7    44,   45  /PD_TOP        (1.10)
i_0_0_208/A1->ZN         NAND2_X4                rf    187.0     14.8     14.7      0.1     15.3      0.7      5.1      1    44,   45  /PD_TOP        (1.10)
i_0_0_207/A3->ZN         NAND3_X4*               fr    267.3     80.3     80.3      0.0      7.3     46.4    300.2     65    44,   45  /PD_TOP        (1.10)
i_0_0_206/A1->ZN         NAND2_X4                rf    283.3     16.0     14.4      1.6     15.3      0.7      4.6      1    44,   45  /PD_TOP        (1.10)
i_0_0_205/A->ZN          OAI21_X2                fr    300.4     17.1     17.1      0.0      7.1      0.7      1.9      1    44,   45  /PD_TOP        (1.10)
temp2_reg[31]/D          DFF_X1                   r    300.4      0.0               0.0     15.0                             44,   45  /PD_TOP        (1.10)
------------------------------------------------------------------------------------------------------------------------------------------------------------
Report for group I2R
------------------------------------------------------------------------------------------------------------------------------------------------------------
Startpoint: reset
    (Clocked by rtDefaultClock R)
Endpoint: temp2_reg[31]/D
    (Clocked by sysclk F)
Path Group: I2R
Data required time: 860.0
    (Clock shift: 900.0, minus Uncertainty: 0.0, plus Latency 0.0, minus Setup time: 40.0)
Data arrival time: 856.5
Slack: 3.5
Logic depth: 4
------------------------------------------------------------------------------------------------------------------------------------------------------------
                                                     Arrival               Arc      Net               Net    Total   fan-                                   
Path                     Module/Cell           Edge     Time    Delay    Delay    Delay     Slew     Load     Load    out     Location Power Domain      (V)
                                                        (ps)     (ps)     (ps)     (ps)     (ps)     (ff)     (ff)    (#)      (um,um)                      
------------------------------------------------------------------------------------------------------------------------------------------------------------
reset                    {set_input_delay}        f    700.0    700.0    700.0                        7.1     40.3      3     0,   43                       
i_0_0_219/A->ZN          INV_X32                 fr    739.9     39.9     39.3      0.6    100.0      7.4     44.5     10    44,   45  /PD_TOP        (1.10)
i_0_0_207/A1->ZN         NAND3_X4*               rf    821.2     81.3     81.1      0.2      8.6     46.4    300.2     65    44,   45  /PD_TOP        (1.10)
i_0_0_206/A1->ZN         NAND2_X4                fr    840.2     19.0     17.4      1.6     15.3      0.7      4.6      1    44,   45  /PD_TOP        (1.10)
i_0_0_205/A->ZN          OAI21_X2                rf    856.5     16.3     16.3      0.0      9.7      0.7      1.9      1    44,   45  /PD_TOP        (1.10)
temp2_reg[31]/D          DFF_X1                   f    856.5      0.0               0.0      8.1                             44,   45  /PD_TOP        (1.10)
------------------------------------------------------------------------------------------------------------------------------------------------------------
Report for group I2O
Report for group R2O
------------------------------------------------------------------------------------------------------------------------------------------------------------
Startpoint: select_reg[1]/Q
    (Clocked by sysclk F)
Endpoint: select[1]
    (Clocked by vsysclk R)
Path Group: R2O
Data required time: 360.0
    (Clock shift: 900.0, minus Uncertainty: 0.0, plus Latency 0.0, minus Out delay: 540.0)
Data arrival time: 118.6
Slack: 241.4
Logic depth: 0
------------------------------------------------------------------------------------------------------------------------------------------------------------
                                                     Arrival               Arc      Net               Net    Total   fan-                                   
Path                     Module/Cell           Edge     Time    Delay    Delay    Delay     Slew     Load     Load    out     Location Power Domain      (V)
                                                        (ps)     (ps)     (ps)     (ps)     (ps)     (ff)     (ff)    (#)      (um,um)                      
------------------------------------------------------------------------------------------------------------------------------------------------------------
clk                      {create_clock}           f      0.0      0.0      0.0                        0.0      0.0      2     0,   46                       
i_0_0_84/A->ZN           INV_X1                  fr      0.0      0.0      0.0      0.0      0.0      0.0      0.0     69    44,   45  /PD_TOP        (1.10)
select_reg[1]/CK->Q      DFF_X1                  rr    117.9    117.9    117.9      0.0      0.0      6.9     16.4      2    44,   45  /PD_TOP        (1.10)
select[1]                                         r    118.6      0.7               0.7     40.1                             89,   41                       
------------------------------------------------------------------------------------------------------------------------------------------------------------
