Report Physical info: 
------------------------+-------------+-----------+------------
                        |             |Area (squm)|Leakage (uW)
------------------------+-------------+-----------+------------
Design Name             |decompressor |           |            
  Total Instances       |          195|        417|       8.097
    Macros              |            0|          0|       0.000
    Pads                |            0|          0|       0.000
    Phys                |            0|          0|       0.000
    Blackboxes          |            3|          0|       0.000
    Cells               |          192|        417|       8.097
      Buffers           |            0|          0|       0.000
      Inverters         |           16|          9|       0.230
      Clock-Gates       |            2|          8|       0.118
      Combinational     |          123|        165|       3.674
      Latches           |            0|          0|       0.000
      FlipFlops         |           51|        235|       4.076
       Single-Bit FF    |           51|        235|       4.076
       Multi-Bit FF     |            0|          0|       0.000
       Clock-Gated      |           13|           |            
       Bits             |           51|        235|       4.076
         Load-Enabled   |            0|           |            
         Clock-Gated    |           13|           |            
  Tristate Pin Count    |            0|           |            
Physical Info           |Placed       |           |            
  Chip Size (mm x mm)   |0.086 x 0.086|       7457|            
  Fixed Cell Area       |             |          0|            
    Phys Only           |            0|          0|            
  Placeable Area        |             |        661|            
  Movable Cell Area     |             |        417|            
  Utilization (%)       |           63|           |            
  Chip Utilization (%)  |           63|           |            
  Total Wire Length (mm)|        1.887|           |            
  Longest Wire (mm)     |        0.045|           |            
  Average Wire (mm)     |        0.025|           |            
------------------------+-------------+-----------+------------
