Report Physical info: 
------------------------+-------------+-----------+------------
                        |             |Area (squm)|Leakage (uW)
------------------------+-------------+-----------+------------
Design Name             |division     |           |            
  Total Instances       |          497|        863|      17.782
    Macros              |            0|          0|       0.000
    Pads                |            0|          0|       0.000
    Phys                |            0|          0|       0.000
    Blackboxes          |            0|          0|       0.000
    Cells               |          497|        863|      17.782
      Buffers           |            0|          0|       0.000
      Inverters         |           36|         19|       0.517
      Clock-Gates       |            2|          8|       0.118
      Combinational     |          386|        505|      11.372
      Latches           |            0|          0|       0.000
      FlipFlops         |           73|        330|       5.775
       Single-Bit FF    |           73|        330|       5.775
       Multi-Bit FF     |            0|          0|       0.000
       Clock-Gated      |           72|           |            
       Bits             |           73|        330|       5.775
         Load-Enabled   |            0|           |            
         Clock-Gated    |           72|           |            
  Tristate Pin Count    |            0|           |            
Physical Info           |Placed       |           |            
  Chip Size (mm x mm)   |0.098 x 0.098|       9587|            
  Fixed Cell Area       |             |          0|            
    Phys Only           |            0|          0|            
  Placeable Area        |             |       1429|            
  Movable Cell Area     |             |        863|            
  Utilization (%)       |           60|           |            
  Chip Utilization (%)  |           60|           |            
  Total Wire Length (mm)|        2.691|           |            
  Longest Wire (mm)     |        0.053|           |            
  Average Wire (mm)     |        0.051|           |            
------------------------+-------------+-----------+------------
