Report End Points: 
-----+-------+------+-------+------+------+-----+-----+-----------+-------------
     |Group  |Launch|Capture|Shift |Delay |Depth|Slack|Begin Point|End Point    
-----+-------+------+-------+------+------+-----+-----+-----------+-------------
1    |default|sysclk|sysclk |1500.0|1103.2|   17|184.8|f_reg/Q    |rem_reg[0]/D 
2    |default|sysclk|sysclk |1500.0|1102.0|   17|185.2|f_reg/Q    |f_reg/D      
3    |default|sysclk|sysclk |1500.0|1018.5|   16|263.2|f_reg/Q    |rem_reg[45]/D
-----+-------+------+-------+------+------+-----+-----+-----------+-------------
Report End Points: 
-----+-----+--------------+-------+------+-----+-----+-----+-----------+-------------
     |Group|Launch        |Capture|Shift |Delay|Depth|Slack|Begin Point|End Point    
-----+-----+--------------+-------+------+-----+-----+-----+-----------+-------------
1    |I2R  |rtDefaultClock|sysclk |1500.0|588.9|   14|172.4|divisor[1] |B_reg[14]/D  
2    |I2R  |rtDefaultClock|sysclk |1500.0|586.9|   12|173.7|dividen[1] |rem_reg[22]/D
3    |I2R  |rtDefaultClock|sysclk |1500.0|569.5|   12|190.5|dividen[1] |rem_reg[21]/D
-----+-----+--------------+-------+------+-----+-----+-----+-----------+-------------
Report End Points: 
-----+-----+------+-------+-----+-----+-----+-----+-----------+---------
     |Group|Launch|Capture|Shift|Delay|Depth|Slack|Begin Point|End Point
-----+-----+------+-------+-----+-----+-----+-----+-----------+---------
1    |I2O  |      |       |     |     |     |     |           |         
-----+-----+------+-------+-----+-----+-----+-----+-----------+---------
Report End Points: 
-----+-----+------+-------+------+-----+-----+-----+------------+----------
     |Group|Launch|Capture|Shift |Delay|Depth|Slack|Begin Point |End Point 
-----+-----+------+-------+------+-----+-----+-----+------------+----------
1    |R2O  |sysclk|vsysclk|1500.0|464.3|   10|779.6|rem_reg[0]/Q|result[15]
2    |R2O  |sysclk|vsysclk|1500.0|438.7|    9|805.2|rem_reg[0]/Q|result[14]
3    |R2O  |sysclk|vsysclk|1500.0|401.3|    8|842.6|rem_reg[0]/Q|result[13]
-----+-----+------+-------+------+-----+-----+-----+------------+----------
