Report for group default
------------------------------------------------------------------------------------------------------------------------------------------------------------
Startpoint: counter_reg[3]/Q
    (Clocked by sysclk R)
Endpoint: counter2_reg[3]/D
    (Clocked by sysclk F)
Path Group: default
Data required time: 867.6
    (Clock shift: 900.0, minus Uncertainty: 0.0, plus Latency 0.0, minus Setup time: 32.4)
Data arrival time: 200.8
Slack: 666.8
Logic depth: 2
------------------------------------------------------------------------------------------------------------------------------------------------------------
                                                     Arrival               Arc      Net               Net    Total   fan-                                   
Path                     Module/Cell           Edge     Time    Delay    Delay    Delay     Slew     Load     Load    out     Location Power Domain      (V)
                                                        (ps)     (ps)     (ps)     (ps)     (ps)     (ff)     (ff)    (#)      (um,um)                      
------------------------------------------------------------------------------------------------------------------------------------------------------------
clk                      {create_clock}           r      0.0      0.0      0.0                        0.0      0.0     36     0,   44                       
clk_gate_counter_reg/CK->GCK
                         CLKGATETST_X1           rr      0.0      0.0      0.0      0.0      0.0      0.0      0.0      6    43,   43  /PD_TOP        (1.10)
counter_reg[3]/CK->Q     DFFR_X1*                rr    173.4    173.4    173.4      0.0      0.0      8.3     58.6     10    43,   43  /PD_TOP        (1.10)
i_0_0_133/A->ZN          INV_X8                  rf    183.7     10.3     10.0      0.3     15.3      2.0     14.4      3    43,   43  /PD_TOP        (1.10)
i_0_0_117/A1->ZN         NOR2_X2                 fr    200.8     17.1     17.1      0.0      4.6      0.7      1.8      1    43,   43  /PD_TOP        (1.10)
counter2_reg[3]/D        DFF_X1                   r    200.8      0.0               0.0     12.1                             43,   43  /PD_TOP        (1.10)
------------------------------------------------------------------------------------------------------------------------------------------------------------
Report for group I2R
------------------------------------------------------------------------------------------------------------------------------------------------------------
Startpoint: reset
    (Clocked by rtDefaultClock R)
Endpoint: counter2_reg[4]/D
    (Clocked by sysclk F)
Path Group: I2R
Data required time: 867.6
    (Clock shift: 900.0, minus Uncertainty: 0.0, plus Latency 0.0, minus Setup time: 32.4)
Data arrival time: 749.0
Slack: 118.6
Logic depth: 1
------------------------------------------------------------------------------------------------------------------------------------------------------------
                                                     Arrival               Arc      Net               Net    Total   fan-                                   
Path                     Module/Cell           Edge     Time    Delay    Delay    Delay     Slew     Load     Load    out     Location Power Domain      (V)
                                                        (ps)     (ps)     (ps)     (ps)     (ps)     (ff)     (ff)    (#)      (um,um)                      
------------------------------------------------------------------------------------------------------------------------------------------------------------
reset                    {set_input_delay}        f    700.0    700.0    700.0                        8.6     54.9      6     0,   43                       
i_0_0_118/A2->ZN         NOR2_X2                 fr    749.0     49.0     48.4      0.6    100.0      0.7      1.8      1    43,   43  /PD_TOP        (1.10)
counter2_reg[4]/D        DFF_X1                   r    749.0      0.0               0.0     12.1                             43,   43  /PD_TOP        (1.10)
------------------------------------------------------------------------------------------------------------------------------------------------------------
Report for group I2O
Report for group R2O
------------------------------------------------------------------------------------------------------------------------------------------------------------
Startpoint: store_reg/Q
    (Clocked by sysclk R)
Endpoint: store
    (Clocked by vsysclk R)
Path Group: R2O
Data required time: 1260.0
    (Clock shift: 1800.0, minus Uncertainty: 0.0, plus Latency 0.0, minus Out delay: 540.0)
Data arrival time: 110.1
Slack: 1149.9
Logic depth: 0
------------------------------------------------------------------------------------------------------------------------------------------------------------
                                                     Arrival               Arc      Net               Net    Total   fan-                                   
Path                     Module/Cell           Edge     Time    Delay    Delay    Delay     Slew     Load     Load    out     Location Power Domain      (V)
                                                        (ps)     (ps)     (ps)     (ps)     (ps)     (ff)     (ff)    (#)      (um,um)                      
------------------------------------------------------------------------------------------------------------------------------------------------------------
clk                      {create_clock}           r      0.0      0.0      0.0                        0.0      0.0     36     0,   44                       
store_reg/CK->Q          DFF_X1                  rr    109.5    109.5    109.5      0.0      0.0      6.5     12.8      2    43,   43  /PD_TOP        (1.10)
store                                             r    110.1      0.6               0.6     32.0                             42,    0                       
------------------------------------------------------------------------------------------------------------------------------------------------------------
