Report End Points: 
-----+-------+------+-------+------+------+-----+-----+-----------+-----------
     |Group  |Launch|Capture|Shift |Delay |Depth|Slack|Begin Point|End Point  
-----+-------+------+-------+------+------+-----+-----+-----------+-----------
1    |default|sysclk|sysclk |1500.0|1110.3|   30|206.7|Q_reg[2]/Q |A_reg[13]/D
2    |default|sysclk|sysclk |1500.0|1057.6|   29|253.8|Q_reg[2]/Q |A_reg[12]/D
3    |default|sysclk|sysclk |1500.0| 976.8|   27|334.6|Q_reg[2]/Q |A_reg[11]/D
-----+-------+------+-------+------+------+-----+-----+-----------+-----------
Report End Points: 
-----+-----+--------------+-------+------+-----+-----+-----+-----------+----------------
     |Group|Launch        |Capture|Shift |Delay|Depth|Slack|Begin Point|End Point       
-----+-----+--------------+-------+------+-----+-----+-----+-----------+----------------
1    |I2R  |rtDefaultClock|sysclk |1500.0|256.8|    5|512.8|start      |Q_reg[15]/D     
2    |I2R  |rtDefaultClock|sysclk |1500.0|183.6|    3|553.6|start      |clk_gate_A_reg/E
3    |I2R  |rtDefaultClock|sysclk |1500.0|203.3|    3|558.5|start      |A_reg[3]/D      
-----+-----+--------------+-------+------+-----+-----+-----+-----------+----------------
Report End Points: 
-----+-----+------+-------+-----+-----+-----+-----+-----------+---------
     |Group|Launch|Capture|Shift|Delay|Depth|Slack|Begin Point|End Point
-----+-----+------+-------+-----+-----+-----+-----+-----------+---------
1    |I2O  |      |       |     |     |     |     |           |         
-----+-----+------+-------+-----+-----+-----+-----+-----------+---------
Report End Points: 
-----+-----+------+-------+------+-----+-----+-----+-----------+-------------
     |Group|Launch|Capture|Shift |Delay|Depth|Slack|Begin Point|End Point    
-----+-----+------+-------+------+-----+-----+-----+-----------+-------------
1    |R2O  |sysclk|vsysclk|1500.0|678.5|   29|531.3|Q_reg[9]/Q |overflow_flag
2    |R2O  |sysclk|vsysclk|1500.0|640.9|   28|568.9|Q_reg[9]/Q |result[15]   
3    |R2O  |sysclk|vsysclk|1500.0|603.4|   27|606.4|Q_reg[9]/Q |result[14]   
-----+-----+------+-------+------+-----+-----+-----+-----------+-------------
