Report End Points: 
-----+-------+------+-------+------+-----+-----+-----+-----------+-------------
     |Group  |Launch|Capture|Shift |Delay|Depth|Slack|Begin Point|End Point    
-----+-------+------+-------+------+-----+-----+-----+-----------+-------------
1    |default|sysclk|sysclk |1500.0|926.4|   25|385.6|f_reg/Q    |f_reg/D      
2    |default|sysclk|sysclk |1500.0|922.0|   25|391.2|f_reg/Q    |rem_reg[0]/D 
3    |default|sysclk|sysclk |1500.0|883.3|   24|429.9|f_reg/Q    |rem_reg[45]/D
-----+-------+------+-------+------+-----+-----+-----+-----------+-------------
Report End Points: 
-----+-----+--------------+-------+------+-----+-----+-----+-----------+-------------
     |Group|Launch        |Capture|Shift |Delay|Depth|Slack|Begin Point|End Point    
-----+-----+--------------+-------+------+-----+-----+-----+-----------+-------------
1    |I2R  |rtDefaultClock|sysclk |1500.0|580.2|   14|181.1|divisor[1] |B_reg[14]/D  
2    |I2R  |rtDefaultClock|sysclk |1500.0|578.4|   12|182.3|dividen[1] |rem_reg[22]/D
3    |I2R  |rtDefaultClock|sysclk |1500.0|561.1|   12|199.0|dividen[1] |rem_reg[21]/D
-----+-----+--------------+-------+------+-----+-----+-----+-----------+-------------
Report End Points: 
-----+-----+------+-------+-----+-----+-----+-----+-----------+---------
     |Group|Launch|Capture|Shift|Delay|Depth|Slack|Begin Point|End Point
-----+-----+------+-------+-----+-----+-----+-----+-----------+---------
1    |I2O  |      |       |     |     |     |     |           |         
-----+-----+------+-------+-----+-----+-----+-----+-----------+---------
Report End Points: 
-----+-----+------+-------+------+-----+-----+-----+------------+----------
     |Group|Launch|Capture|Shift |Delay|Depth|Slack|Begin Point |End Point 
-----+-----+------+-------+------+-----+-----+-----+------------+----------
1    |R2O  |sysclk|vsysclk|1500.0|457.2|   10|486.6|rem_reg[0]/Q|result[15]
2    |R2O  |sysclk|vsysclk|1500.0|431.2|    9|512.6|rem_reg[0]/Q|result[14]
3    |R2O  |sysclk|vsysclk|1500.0|394.8|    8|549.0|rem_reg[0]/Q|result[13]
-----+-----+------+-------+------+-----+-----+-----+------------+----------
