Report for group default
------------------------------------------------------------------------------------------------------------------------------------------------------------
Startpoint: f_reg/Q
    (Clocked by sysclk R)
Endpoint: f_reg/D
    (Clocked by sysclk R)
Path Group: default
Data required time: 1460.1
    (Clock shift: 1500.0, minus Uncertainty: 0.0, plus Latency 0.0, minus Setup time: 39.9)
Data arrival time: 1074.5
Slack: 385.6
Logic depth: 25
------------------------------------------------------------------------------------------------------------------------------------------------------------
                                                     Arrival               Arc      Net               Net    Total   fan-                                   
Path                     Module/Cell           Edge     Time    Delay    Delay    Delay     Slew     Load     Load    out     Location Power Domain      (V)
                                                        (ps)     (ps)     (ps)     (ps)     (ps)     (ff)     (ff)    (#)      (um,um)                      
------------------------------------------------------------------------------------------------------------------------------------------------------------
clk                      {create_clock}           r      0.0      0.0      0.0                        0.0      0.0      3     0,   45                       
clk_gate_rem_reg/CK->GCK CLKGATETST_X1           rr      0.0      0.0      0.0      0.0      0.0      0.0      0.0     55    47,   47  /PD_TOP        (1.10)
f_reg/CK->Q              DFF_X1*                 rf    148.1    148.1    148.1      0.0      0.0      9.0    165.9     31    47,   47  /PD_TOP        (1.10)
adder_loop/i_0_15/B->Z   XOR2_X2                 ff    212.6     64.5     64.2      0.3     15.3      0.6      8.1      2    47,   47  /PD_TOP        (1.10)
adder_loop/i_0_14/B->Z   XOR2_X2                 ff    276.2     63.6     63.6      0.0     14.6      0.6      7.8      2    47,   47  /PD_TOP        (1.10)
adder_loop/i_0_24/B2->ZN AOI22_X4                fr    329.7     53.5     53.5      0.0     14.5      0.6      7.9      2    47,   47  /PD_TOP        (1.10)
adder_loop/i_0_20/B1->ZN OAI21_X4                rf    350.6     20.9     20.9      0.0     29.2      0.6      7.8      2    47,   47  /PD_TOP        (1.10)
adder_loop/i_0_34/B1->ZN AOI22_X4                fr    397.2     46.6     46.6      0.0     10.8      0.6      7.9      2    47,   47  /PD_TOP        (1.10)
adder_loop/i_0_29/B1->ZN OAI21_X4                rf    418.1     20.9     20.9      0.0     29.2      0.6      7.8      2    47,   47  /PD_TOP        (1.10)
adder_loop/i_0_43/B1->ZN AOI22_X4                fr    464.7     46.6     46.6      0.0     10.8      0.6      7.9      2    47,   47  /PD_TOP        (1.10)
adder_loop/i_0_38/B1->ZN OAI21_X4                rf    485.6     20.9     20.9      0.0     29.2      0.6      7.8      2    47,   47  /PD_TOP        (1.10)
adder_loop/i_0_51/B1->ZN AOI22_X4                fr    532.2     46.6     46.6      0.0     10.8      0.6      7.9      2    47,   47  /PD_TOP        (1.10)
adder_loop/i_0_47/B1->ZN OAI21_X4                rf    553.1     20.9     20.9      0.0     29.2      0.6      7.8      2    47,   47  /PD_TOP        (1.10)
adder_loop/i_0_60/B1->ZN AOI22_X4                fr    600.0     46.9     46.9      0.0     10.8      0.6      8.1      2    47,   47  /PD_TOP        (1.10)
adder_loop/i_0_55/B1->ZN OAI21_X4                rf    621.0     21.0     21.0      0.0     29.4      0.6      7.8      2    47,   47  /PD_TOP        (1.10)
adder_loop/i_0_69/B1->ZN AOI22_X4                fr    667.9     46.9     46.9      0.0     10.8      0.6      8.1      2    47,   47  /PD_TOP        (1.10)
adder_loop/i_0_64/B1->ZN OAI21_X4                rf    688.9     21.0     21.0      0.0     29.4      0.6      7.8      2    47,   47  /PD_TOP        (1.10)
adder_loop/i_0_77/B1->ZN AOI22_X4                fr    735.8     46.9     46.9      0.0     10.8      0.6      8.1      2    47,   47  /PD_TOP        (1.10)
adder_loop/i_0_73/B1->ZN OAI21_X4                rf    756.8     21.0     21.0      0.0     29.4      0.6      7.8      2    47,   47  /PD_TOP        (1.10)
adder_loop/i_0_83/B1->ZN AOI22_X4                fr    803.7     46.9     46.9      0.0     10.8      0.6      8.1      2    47,   47  /PD_TOP        (1.10)
adder_loop/i_0_80/B1->ZN OAI21_X4                rf    824.7     21.0     21.0      0.0     29.4      0.6      7.8      2    47,   47  /PD_TOP        (1.10)
adder_loop/i_0_96/B1->ZN AOI22_X4                fr    871.7     47.0     47.0      0.0     10.8      0.7      8.2      2    47,   47  /PD_TOP        (1.10)
adder_loop/i_0_94/A1->ZN OAI22_X4                rf    896.7     25.0     25.0      0.0     29.5      0.7      7.8      2    47,   47  /PD_TOP        (1.10)
adder_loop/i_0_92/B1->ZN AOI22_X4                fr    944.4     47.7     47.7      0.0     12.4      0.7      8.2      2    47,   47  /PD_TOP        (1.10)
adder_loop/i_0_90/A1->ZN OAI22_X4                rf    969.3     24.9     24.9      0.0     29.5      0.7      7.6      2    47,   47  /PD_TOP        (1.10)
adder_loop/i_0_87/B1->ZN AOI22_X4                fr   1010.7     41.4     41.4      0.0     12.4      0.3      3.4      1    47,   47  /PD_TOP        (1.10)
adder_loop/i_0_85/A->ZN  XNOR2_X2                rr   1059.1     48.4     48.4      0.0     23.8      0.6      8.7      2    47,   47  /PD_TOP        (1.10)
i_0_0_161/B1->ZN         OAI21_X2                rf   1074.5     15.4     15.4      0.0     33.6      0.3      1.5      1    47,   47  /PD_TOP        (1.10)
f_reg/D                  DFF_X1                   f   1074.5      0.0               0.0      7.8                             47,   47  /PD_TOP        (1.10)
------------------------------------------------------------------------------------------------------------------------------------------------------------
Report for group I2R
------------------------------------------------------------------------------------------------------------------------------------------------------------
Startpoint: divisor[1]
    (Clocked by rtDefaultClock R)
Endpoint: B_reg[14]/D
    (Clocked by sysclk R)
Path Group: I2R
Data required time: 1461.3
    (Clock shift: 1500.0, minus Uncertainty: 0.0, plus Latency 0.0, minus Setup time: 38.7)
Data arrival time: 1280.2
Slack: 181.1
Logic depth: 14
------------------------------------------------------------------------------------------------------------------------------------------------------------
                                                     Arrival               Arc      Net               Net    Total   fan-                                   
Path                     Module/Cell           Edge     Time    Delay    Delay    Delay     Slew     Load     Load    out     Location Power Domain      (V)
                                                        (ps)     (ps)     (ps)     (ps)     (ps)     (ff)     (ff)    (#)      (um,um)                      
------------------------------------------------------------------------------------------------------------------------------------------------------------
divisor[1]               {set_input_delay}        f    700.0    700.0    700.0                        3.3     12.8      3     0,   47                       
i_0_0_160/A2->ZN         OR3_X4                  ff    803.0    103.0    102.7      0.3    100.0      0.6      6.7      2    47,   47  /PD_TOP        (1.10)
i_0_0_159/A1->ZN         OR2_X4                  ff    846.4     43.4     43.4      0.0     12.6      0.5      6.5      2    47,   47  /PD_TOP        (1.10)
i_0_0_158/A1->ZN         OR2_X4                  ff    890.7     44.3     44.3      0.0      8.9      0.9     10.8      3    47,   47  /PD_TOP        (1.10)
i_0_0_157/A1->ZN         OR3_X4                  ff    951.1     60.4     60.4      0.0     10.0      0.6      8.6      2    47,   47  /PD_TOP        (1.10)
i_0_0_156/A1->ZN         NOR2_X4                 fr    981.4     30.3     30.3      0.0     13.1      0.5      8.5      2    47,   47  /PD_TOP        (1.10)
i_0_0_155/A1->ZN         NAND2_X4                rf    998.2     16.8     16.8      0.0     20.3      0.5      6.5      2    47,   47  /PD_TOP        (1.10)
i_0_0_154/A1->ZN         OR2_X4                  ff   1039.6     41.4     41.4      0.0      7.8      0.5      6.5      2    47,   47  /PD_TOP        (1.10)
i_0_0_153/A1->ZN         OR2_X4                  ff   1081.4     41.8     41.8      0.0      8.9      0.5      6.5      2    47,   47  /PD_TOP        (1.10)
i_0_0_152/A1->ZN         OR2_X4                  ff   1123.2     41.8     41.8      0.0      8.9      0.5      6.5      2    47,   47  /PD_TOP        (1.10)
i_0_0_151/A1->ZN         OR2_X4                  ff   1165.0     41.8     41.8      0.0      8.9      0.5      6.5      2    47,   47  /PD_TOP        (1.10)
i_0_0_150/A1->ZN         OR2_X4                  ff   1207.9     42.9     42.9      0.0      8.9      0.6      8.4      2    47,   47  /PD_TOP        (1.10)
i_0_0_146/A1->ZN         NAND2_X4                fr   1221.8     13.9     13.9      0.0      9.4      0.3      3.7      1    47,   47  /PD_TOP        (1.10)
i_0_0_145/B->Z           XOR2_X2                 rr   1272.2     50.4     50.4      0.0      9.2      0.3      4.5      1    47,   47  /PD_TOP        (1.10)
i_0_0_144/A1->ZN         NOR2_X2                 rf   1280.2      8.0      8.0      0.0     26.9      0.3      1.4      1    47,   47  /PD_TOP        (1.10)
B_reg[14]/D              DFF_X1                   f   1280.2      0.0               0.0      4.7                             47,   47  /PD_TOP        (1.10)
------------------------------------------------------------------------------------------------------------------------------------------------------------
Report for group I2O
Report for group R2O
------------------------------------------------------------------------------------------------------------------------------------------------------------
Startpoint: rem_reg[0]/Q
    (Clocked by sysclk R)
Endpoint: result[15]
    (Clocked by vsysclk R)
Path Group: R2O
Data required time: 1050.0
    (Clock shift: 1500.0, minus Uncertainty: 0.0, plus Latency 0.0, minus Out delay: 450.0)
Data arrival time: 563.4
Slack: 486.6
Logic depth: 10
------------------------------------------------------------------------------------------------------------------------------------------------------------
                                                     Arrival               Arc      Net               Net    Total   fan-                                   
Path                     Module/Cell           Edge     Time    Delay    Delay    Delay     Slew     Load     Load    out     Location Power Domain      (V)
                                                        (ps)     (ps)     (ps)     (ps)     (ps)     (ff)     (ff)    (#)      (um,um)                      
------------------------------------------------------------------------------------------------------------------------------------------------------------
clk                      {create_clock}           r      0.0      0.0      0.0                        0.0      0.0      3     0,   45                       
clk_gate_rem_reg/CK->GCK CLKGATETST_X1           rr      0.0      0.0      0.0      0.0      0.0      0.0      0.0     55    47,   47  /PD_TOP        (1.10)
rem_reg[0]/CK->Q         DFF_X1                  rf    106.2    106.2    106.2      0.0      0.0      0.8     21.6      4    47,   47  /PD_TOP        (1.10)
i_0_0_217/A2->ZN         OR2_X4                  ff    159.6     53.4     53.4      0.0     25.5      0.6      6.5      2    47,   47  /PD_TOP        (1.10)
i_0_0_216/A1->ZN         OR4_X4                  ff    240.3     80.7     80.7      0.0      8.9      1.0     12.9      3    47,   47  /PD_TOP        (1.10)
i_0_0_215/A1->ZN         NOR4_X4                 fr    300.8     60.5     60.5      0.0     18.6      0.6      8.6      2    47,   47  /PD_TOP        (1.10)
i_0_0_214/A1->ZN         NAND2_X4                rf    325.9     25.1     25.1      0.0     53.2      0.9     10.8      3    47,   47  /PD_TOP        (1.10)
i_0_0_213/A1->ZN         OR3_X4                  ff    384.9     59.0     59.0      0.0      9.5      0.6      6.7      2    47,   47  /PD_TOP        (1.10)
i_0_0_199/B1->ZN         OAI21_X4                fr    415.6     30.7     30.7      0.0     12.6      0.6      6.3      2    47,   47  /PD_TOP        (1.10)
i_0_0_198/A1->ZN         AND2_X4                 rr    450.5     34.9     34.9      0.0     20.7      0.6      8.2      2    47,   47  /PD_TOP        (1.10)
i_0_0_197/A->ZN          OAI21_X4                rf    470.8     20.3     20.3      0.0      9.9      0.6      7.9      2    47,   47  /PD_TOP        (1.10)
i_0_0_196/A->ZN          AOI21_X4                fr    510.1     39.3     39.3      0.0     10.9      0.3      4.0      1    47,   47  /PD_TOP        (1.10)
i_0_0_195/B->ZN          XNOR2_X2                rr    563.1     53.0     53.0      0.0     21.3      2.7     12.7      1    47,   47  /PD_TOP        (1.10)
result[15]                                        r    563.4      0.3               0.3     42.9                             95,   48                       
------------------------------------------------------------------------------------------------------------------------------------------------------------
